Archive member included to satisfy reference by file (symbol)

c:/gcc-arm-none-eabi-10.3-2021.10/bin/../lib/gcc/arm-none-eabi/10.3.1/../../../../arm-none-eabi/lib/thumb/v7e-m/nofp\libstdc++.a(del_ops.o)
                              Libraries/FEHIO.o (operator delete(void*, unsigned int))
c:/gcc-arm-none-eabi-10.3-2021.10/bin/../lib/gcc/arm-none-eabi/10.3.1/../../../../arm-none-eabi/lib/thumb/v7e-m/nofp\libstdc++.a(new_op.o)
                              Libraries/FEHIO.o (operator new(unsigned int))
c:/gcc-arm-none-eabi-10.3-2021.10/bin/../lib/gcc/arm-none-eabi/10.3.1/../../../../arm-none-eabi/lib/thumb/v7e-m/nofp\libstdc++.a(bad_alloc.o)
                              c:/gcc-arm-none-eabi-10.3-2021.10/bin/../lib/gcc/arm-none-eabi/10.3.1/../../../../arm-none-eabi/lib/thumb/v7e-m/nofp\libstdc++.a(new_op.o) (std::bad_alloc::~bad_alloc())
c:/gcc-arm-none-eabi-10.3-2021.10/bin/../lib/gcc/arm-none-eabi/10.3.1/../../../../arm-none-eabi/lib/thumb/v7e-m/nofp\libstdc++.a(del_op.o)
                              c:/gcc-arm-none-eabi-10.3-2021.10/bin/../lib/gcc/arm-none-eabi/10.3.1/../../../../arm-none-eabi/lib/thumb/v7e-m/nofp\libstdc++.a(del_ops.o) (operator delete(void*))
c:/gcc-arm-none-eabi-10.3-2021.10/bin/../lib/gcc/arm-none-eabi/10.3.1/../../../../arm-none-eabi/lib/thumb/v7e-m/nofp\libstdc++.a(eh_alloc.o)
                              c:/gcc-arm-none-eabi-10.3-2021.10/bin/../lib/gcc/arm-none-eabi/10.3.1/../../../../arm-none-eabi/lib/thumb/v7e-m/nofp\libstdc++.a(new_op.o) (__cxa_allocate_exception)
c:/gcc-arm-none-eabi-10.3-2021.10/bin/../lib/gcc/arm-none-eabi/10.3.1/../../../../arm-none-eabi/lib/thumb/v7e-m/nofp\libstdc++.a(eh_exception.o)
                              c:/gcc-arm-none-eabi-10.3-2021.10/bin/../lib/gcc/arm-none-eabi/10.3.1/../../../../arm-none-eabi/lib/thumb/v7e-m/nofp\libstdc++.a(bad_alloc.o) (std::exception::~exception())
c:/gcc-arm-none-eabi-10.3-2021.10/bin/../lib/gcc/arm-none-eabi/10.3.1/../../../../arm-none-eabi/lib/thumb/v7e-m/nofp\libstdc++.a(eh_terminate.o)
                              c:/gcc-arm-none-eabi-10.3-2021.10/bin/../lib/gcc/arm-none-eabi/10.3.1/../../../../arm-none-eabi/lib/thumb/v7e-m/nofp\libstdc++.a(eh_alloc.o) (std::terminate())
c:/gcc-arm-none-eabi-10.3-2021.10/bin/../lib/gcc/arm-none-eabi/10.3.1/../../../../arm-none-eabi/lib/thumb/v7e-m/nofp\libstdc++.a(eh_throw.o)
                              c:/gcc-arm-none-eabi-10.3-2021.10/bin/../lib/gcc/arm-none-eabi/10.3.1/../../../../arm-none-eabi/lib/thumb/v7e-m/nofp\libstdc++.a(new_op.o) (__cxa_throw)
c:/gcc-arm-none-eabi-10.3-2021.10/bin/../lib/gcc/arm-none-eabi/10.3.1/../../../../arm-none-eabi/lib/thumb/v7e-m/nofp\libstdc++.a(eh_unex_handler.o)
                              c:/gcc-arm-none-eabi-10.3-2021.10/bin/../lib/gcc/arm-none-eabi/10.3.1/../../../../arm-none-eabi/lib/thumb/v7e-m/nofp\libstdc++.a(eh_terminate.o) (__cxxabiv1::__unexpected_handler)
c:/gcc-arm-none-eabi-10.3-2021.10/bin/../lib/gcc/arm-none-eabi/10.3.1/../../../../arm-none-eabi/lib/thumb/v7e-m/nofp\libstdc++.a(new_handler.o)
                              c:/gcc-arm-none-eabi-10.3-2021.10/bin/../lib/gcc/arm-none-eabi/10.3.1/../../../../arm-none-eabi/lib/thumb/v7e-m/nofp\libstdc++.a(new_op.o) (std::get_new_handler())
c:/gcc-arm-none-eabi-10.3-2021.10/bin/../lib/gcc/arm-none-eabi/10.3.1/../../../../arm-none-eabi/lib/thumb/v7e-m/nofp\libstdc++.a(pure.o)
                              c:/gcc-arm-none-eabi-10.3-2021.10/bin/../lib/gcc/arm-none-eabi/10.3.1/../../../../arm-none-eabi/lib/thumb/v7e-m/nofp\libstdc++.a(eh_exception.o) (__cxa_pure_virtual)
c:/gcc-arm-none-eabi-10.3-2021.10/bin/../lib/gcc/arm-none-eabi/10.3.1/../../../../arm-none-eabi/lib/thumb/v7e-m/nofp\libstdc++.a(si_class_type_info.o)
                              c:/gcc-arm-none-eabi-10.3-2021.10/bin/../lib/gcc/arm-none-eabi/10.3.1/../../../../arm-none-eabi/lib/thumb/v7e-m/nofp\libstdc++.a(bad_alloc.o) (vtable for __cxxabiv1::__si_class_type_info)
c:/gcc-arm-none-eabi-10.3-2021.10/bin/../lib/gcc/arm-none-eabi/10.3.1/../../../../arm-none-eabi/lib/thumb/v7e-m/nofp\libstdc++.a(tinfo.o)
                              c:/gcc-arm-none-eabi-10.3-2021.10/bin/../lib/gcc/arm-none-eabi/10.3.1/../../../../arm-none-eabi/lib/thumb/v7e-m/nofp\libstdc++.a(si_class_type_info.o) (std::type_info::__is_pointer_p() const)
c:/gcc-arm-none-eabi-10.3-2021.10/bin/../lib/gcc/arm-none-eabi/10.3.1/../../../../arm-none-eabi/lib/thumb/v7e-m/nofp\libstdc++.a(vterminate.o)
                              c:/gcc-arm-none-eabi-10.3-2021.10/bin/../lib/gcc/arm-none-eabi/10.3.1/../../../../arm-none-eabi/lib/thumb/v7e-m/nofp\libstdc++.a(eh_terminate.o) (__gnu_cxx::__verbose_terminate_handler())
c:/gcc-arm-none-eabi-10.3-2021.10/bin/../lib/gcc/arm-none-eabi/10.3.1/../../../../arm-none-eabi/lib/thumb/v7e-m/nofp\libstdc++.a(class_type_info.o)
[...]
Memory Configuration

Name             Origin             Length             Attributes
PROGRAM_FLASH    0x0000c000         0x00073c00         xr
SRAM_UPPER       0x20000000         0x00010000         xrw
SRAM_LOWER       0x1fff0000         0x00010000         xrw
*default*        0x00000000         0xffffffff

Linker script and memory map

LOAD c:/gcc-arm-none-eabi-10.3-2021.10/bin/../lib/gcc/arm-none-eabi/10.3.1/thumb/v7e-m/nofp/crti.o
LOAD c:/gcc-arm-none-eabi-10.3-2021.10/bin/../lib/gcc/arm-none-eabi/10.3.1/thumb/v7e-m/nofp/crtbegin.o
LOAD c:/gcc-arm-none-eabi-10.3-2021.10/bin/../lib/gcc/arm-none-eabi/10.3.1/../../../../arm-none-eabi/lib/thumb/v7e-m/nofp/crt0.o
LOAD ../main.o
LOAD ../driveRoutes.o
LOAD ../drivetrain.o
LOAD ../sensors.o
LOAD ../taskSequences.o
LOAD ../mech.o
LOAD Startup/startup_mk60d10.o
LOAD Libraries/FEHMotor.o
LOAD Drivers/mcg.o
LOAD Drivers/i2c.o
LOAD Drivers/spi.o
LOAD Drivers/uart.o
LOAD Drivers/ff.o
LOAD Drivers/SDHC.o
LOAD Drivers/lptmr.o
LOAD FEHProteus.o
LOAD Drivers/FEHPropeller.o
LOAD Libraries/FEHUtility.o
LOAD Libraries/FEHIO.o
LOAD Drivers/adc16.o
LOAD Libraries/FEHBuzzer.o
LOAD Libraries/FEHServo.o
LOAD Libraries/FEHLCD.o
LOAD Libraries/FEHAccel.o
LOAD Libraries/FEHBattery.o
LOAD Drivers/FEHXBee.o
LOAD Libraries/FEHRCS.o
LOAD Libraries/FEHSD.o
LOAD Libraries/FEHRandom.o
LOAD c:/gcc-arm-none-eabi-10.3-2021.10/bin/../lib/gcc/arm-none-eabi/10.3.1/../../../../arm-none-eabi/lib/thumb/v7e-m/nofp\libstdc++.a
LOAD c:/gcc-arm-none-eabi-10.3-2021.10/bin/../lib/gcc/arm-none-eabi/10.3.1/../../../../arm-none-eabi/lib/thumb/v7e-m/nofp\libm.a
START GROUP
LOAD c:/gcc-arm-none-eabi-10.3-2021.10/bin/../lib/gcc/arm-none-eabi/10.3.1/thumb/v7e-m/nofp\libgcc.a
LOAD c:/gcc-arm-none-eabi-10.3-2021.10/bin/../lib/gcc/arm-none-eabi/10.3.1/../../../../arm-none-eabi/lib/thumb/v7e-m/nofp\libg.a
LOAD c:/gcc-arm-none-eabi-10.3-2021.10/bin/../lib/gcc/arm-none-eabi/10.3.1/../../../../arm-none-eabi/lib/thumb/v7e-m/nofp\libc.a
END GROUP
START GROUP
LOAD c:/gcc-arm-none-eabi-10.3-2021.10/bin/../lib/gcc/arm-none-eabi/10.3.1/thumb/v7e-m/nofp\libgcc.a
LOAD c:/gcc-arm-none-eabi-10.3-2021.10/bin/../lib/gcc/arm-none-eabi/10.3.1/../../../../arm-none-eabi/lib/thumb/v7e-m/nofp\libc.a
LOAD c:/gcc-arm-none-eabi-10.3-2021.10/bin/../lib/gcc/arm-none-eabi/10.3.1/../../../../arm-none-eabi/lib/thumb/v7e-m/nofp\libnosys.a
END GROUP
LOAD c:/gcc-arm-none-eabi-10.3-2021.10/bin/../lib/gcc/arm-none-eabi/10.3.1/thumb/v7e-m/nofp/crtend.o
LOAD c:/gcc-arm-none-eabi-10.3-2021.10/bin/../lib/gcc/arm-none-eabi/10.3.1/thumb/v7e-m/nofp/crtn.o
                0x0000c000                __base_PROGRAM_FLASH = 0xc000
                0x0000c000                __base_Flash = 0xc000
                0x0007fc00                __top_PROGRAM_FLASH = 0x7fc00
                0x0007fc00                __top_Flash = 0x7fc00
                0x20000000                __base_SRAM_UPPER = 0x20000000
                0x20000000                __base_RAM = 0x20000000
                0x20010000                __top_SRAM_UPPER = 0x20010000
                0x20010000                __top_RAM = 0x20010000
                0x1fff0000                __base_SRAM_LOWER = 0x1fff0000
                0x1fff0000                __base_RAM2 = 0x1fff0000
                0x20000000                __top_SRAM_LOWER = 0x20000000
                0x20000000                __top_RAM2 = 0x20000000

.text           0x0000c000      0x410
 FILL mask 0xff
                0x0000c000                __vectors_start__ = ABSOLUTE (.)
 *(.isr_vector)
 .isr_vector    0x0000c000      0x1bc Startup/startup_mk60d10.o
                0x0000c000                g_pfnVectors
                0x0000c000                __Vectors
                0x0000c1bc                . = ALIGN (0x4)
                0x0000c1bc                __section_table_start = .
                0x0000c1bc                __data_section_table = .
                0x0000c1bc        0x4 LONG 0x1c514 LOADADDR (.data)
                0x0000c1c0        0x4 LONG 0x20000000 ADDR (.data)
                0x0000c1c4        0x4 LONG 0x16d0 SIZEOF (.data)
                0x0000c1c8        0x4 LONG 0x1c514 LOADADDR (.data_RAM2)
                0x0000c1cc        0x4 LONG 0x1fff0000 ADDR (.data_RAM2)
                0x0000c1d0        0x4 LONG 0x0 SIZEOF (.data_RAM2)
                0x0000c1d4                __data_section_table_end = .
                0x0000c1d4                __bss_section_table = .
                0x0000c1d4        0x4 LONG 0x200016d0 ADDR (.bss)
                0x0000c1d8        0x4 LONG 0x60c SIZEOF (.bss)
                0x0000c1dc        0x4 LONG 0x1fff0000 ADDR (.bss_RAM2)
                0x0000c1e0        0x4 LONG 0x0 SIZEOF (.bss_RAM2)
                0x0000c1e4                __bss_section_table_end = .
                0x0000c1e4                __section_table_end = .
 *(.after_vectors*)
 .after_vectors.init_data
                0x0000c1e4       0x42 Startup/startup_mk60d10.o
                0x0000c1e4                data_init(unsigned int, unsigned int, unsigned int)
 .after_vectors.init_bss
                0x0000c226       0x36 Startup/startup_mk60d10.o
                0x0000c226                bss_init(unsigned int, unsigned int)
 .after_vectors.reset
                0x0000c25c       0xb4 Startup/startup_mk60d10.o
                0x0000c25c                ResetISR
 .after_vectors
                0x0000c310       0x3c Startup/startup_mk60d10.o
                0x0000c310                NMI_Handler
                0x0000c316                HardFault_Handler
                0x0000c31c                MemManage_Handler
                0x0000c322                BusFault_Handler
                0x0000c328                UsageFault_Handler
                0x0000c32e                SVC_Handler
                0x0000c334                DebugMon_Handler
                0x0000c33a                PendSV_Handler
                0x0000c340                SysTick_Handler
                0x0000c346                DMA_Error_DriverIRQHandler
                0x0000c346                LPTMR0_DriverIRQHandler
                0x0000c346                FTM1_DriverIRQHandler
                0x0000c346                FTM2_DriverIRQHandler
                0x0000c346                PIT2_DriverIRQHandler
                0x0000c346                SDHC_DriverIRQHandler
                0x0000c346                I2S0_Tx_DriverIRQHandler
                0x0000c346                TSI0_DriverIRQHandler
                0x0000c346                RTC_Seconds_DriverIRQHandler
                0x0000c346                Reserved109_DriverIRQHandler
                0x0000c346                DMA6_DriverIRQHandler
                0x0000c346                LLWU_DriverIRQHandler
                0x0000c346                MCM_DriverIRQHandler
                0x0000c346                MCG_DriverIRQHandler
                0x0000c346                ENET_1588_Timer_DriverIRQHandler
                0x0000c346                DAC1_DriverIRQHandler
                0x0000c346                SPI1_DriverIRQHandler
                0x0000c346                CMP1_DriverIRQHandler
                0x0000c346                UART5_RX_TX_DriverIRQHandler
                0x0000c346                FTM0_DriverIRQHandler
                0x0000c346                IntDefaultHandler
                0x0000c346                USB0_DriverIRQHandler
                0x0000c346                UART5_ERR_DriverIRQHandler
                0x0000c346                DMA11_DriverIRQHandler
                0x0000c346                DAC0_DriverIRQHandler
                0x0000c346                DMA10_DriverIRQHandler
                0x0000c346                CMP2_DriverIRQHandler
                0x0000c346                UART2_ERR_DriverIRQHandler
                0x0000c346                SPI2_DriverIRQHandler
                0x0000c346                LVD_LVW_DriverIRQHandler
                0x0000c346                RNG_DriverIRQHandler
                0x0000c346                DMA12_DriverIRQHandler
                0x0000c346                DMA4_DriverIRQHandler
                0x0000c346                UART2_RX_TX_DriverIRQHandler
                0x0000c346                USBDCD_DriverIRQHandler
                0x0000c346                UART3_ERR_DriverIRQHandler
                0x0000c346                DMA3_DriverIRQHandler
                0x0000c346                DMA8_DriverIRQHandler
                0x0000c346                DMA9_DriverIRQHandler
                0x0000c346                UART0_ERR_DriverIRQHandler
                0x0000c346                CMT_DriverIRQHandler
                0x0000c346                ADC1_DriverIRQHandler
                0x0000c346                DMA14_DriverIRQHandler
                0x0000c346                PIT3_DriverIRQHandler
                0x0000c346                PIT1_DriverIRQHandler
                0x0000c346                WDOG_EWM_DriverIRQHandler
                0x0000c346                PDB0_DriverIRQHandler
                0x0000c346                Reserved95_DriverIRQHandler
                0x0000c346                RTC_DriverIRQHandler
                0x0000c346                I2S0_Rx_DriverIRQHandler
                0x0000c346                Read_Collision_DriverIRQHandler
                0x0000c346                SWI_DriverIRQHandler
                0x0000c346                UART4_RX_TX_DriverIRQHandler
                0x0000c346                UART4_ERR_DriverIRQHandler
                0x0000c346                DMA0_DriverIRQHandler
                0x0000c346                UART0_LON_DriverIRQHandler
                0x0000c346                Reserved102_DriverIRQHandler
                0x0000c346                DMA1_DriverIRQHandler
                0x0000c346                I2C1_DriverIRQHandler
                0x0000c346                UART3_RX_TX_DriverIRQHandler
                0x0000c346                ENET_Receive_DriverIRQHandler
                0x0000c346                DMA13_DriverIRQHandler
                0x0000c346                ENET_Error_DriverIRQHandler
                0x0000c346                DMA15_DriverIRQHandler
                0x0000c346                SPI0_DriverIRQHandler
                0x0000c346                ADC0_DriverIRQHandler
                0x0000c346                FTFL_DriverIRQHandler
                0x0000c346                CMP0_DriverIRQHandler
                0x0000c346                CAN0_DriverIRQHandler
                0x0000c346                Reserved59_DriverIRQHandler
                0x0000c346                DMA5_DriverIRQHandler
                0x0000c346                UART1_ERR_DriverIRQHandler
                0x0000c346                DMA2_DriverIRQHandler
                0x0000c346                ENET_Transmit_DriverIRQHandler
                0x0000c346                I2C0_DriverIRQHandler
                0x0000c346                CAN1_DriverIRQHandler
                0x0000c346                DMA7_DriverIRQHandler
                0x0000c346                UART1_RX_TX_DriverIRQHandler
                0x0000c346                Reserved108_DriverIRQHandler
                0x00000400                . = 0x400
 *fill*         0x0000c34c       0xb4 ff
                0x0000c400                PROVIDE (__FLASH_CONFIG_START__ = .)
 *(.FlashConfig)
 .FlashConfig   0x0000c400       0x10 Startup/startup_mk60d10.o
                0x0000c410                PROVIDE (__FLASH_CONFIG_END__ = .)
                0x00000001                ASSERT (! ((__FLASH_CONFIG_START__ == __FLASH_CONFIG_END__)), Linker Flash Config Support Enabled, but no .FlashConfig section provided within application)

.eh_frame       0x0000c410        0x0
 .eh_frame      0x0000c410        0x0 c:/gcc-arm-none-eabi-10.3-2021.10/bin/../lib/gcc/arm-none-eabi/10.3.1/thumb/v7e-m/nofp/crtbegin.o

.glue_7         0x0000c410        0x0
 .glue_7        0x0000c410        0x0 linker stubs

.glue_7t        0x0000c410        0x0
 .glue_7t       0x0000c410        0x0 linker stubs

.vfp11_veneer   0x0000c410        0x0
 .vfp11_veneer  0x0000c410        0x0 linker stubs

.v4_bx          0x0000c410        0x0
 .v4_bx         0x0000c410        0x0 linker stubs

.iplt           0x0000c410        0x0
 .iplt          0x0000c410        0x0 c:/gcc-arm-none-eabi-10.3-2021.10/bin/../lib/gcc/arm-none-eabi/10.3.1/thumb/v7e-m/nofp/crtbegin.o

.text           0x0000c440    0x100cc
 *(.text*)
 .text          0x0000c440       0x40 c:/gcc-arm-none-eabi-10.3-2021.10/bin/../lib/gcc/arm-none-eabi/10.3.1/thumb/v7e-m/nofp/crtbegin.o
 .text.main     0x0000c480      0x19c ../main.o
                0x0000c480                main
 .text._Z10initializev
                0x0000c61c       0x28 ../main.o
                0x0000c61c                initialize()
 .text._Z41__static_initialization_and_destruction_0ii
                0x0000c644       0xdc ../main.o
 .text._GLOBAL__sub_I_sensors
                0x0000c720       0x10 ../main.o
 .text._ZN11DriveRoutesC2E10Drivetrain
                0x0000c730       0x44 ../driveRoutes.o
                0x0000c730                DriveRoutes::DriveRoutes(Drivetrain)
                0x0000c730                DriveRoutes::DriveRoutes(Drivetrain)
 *fill*         0x0000c774        0x4 
 .text._ZN11DriveRoutes14startToLuggageEv
                0x0000c778      0x118 ../driveRoutes.o
                0x0000c778                DriveRoutes::startToLuggage()
 .text._ZN11DriveRoutes15luggageToLeversEi
                0x0000c890      0x138 ../driveRoutes.o
                0x0000c890                DriveRoutes::luggageToLevers(int)
 .text._ZN11DriveRoutes13leversToKioskEv
                0x0000c9c8      0x1c8 ../driveRoutes.o
                0x0000c9c8                DriveRoutes::leversToKiosk()
 .text._ZN11DriveRoutes15kioskToPassportEv
                0x0000cb90       0xb0 ../driveRoutes.o
                0x0000cb90                DriveRoutes::kioskToPassport()
 .text._ZN11DriveRoutes15passportToFinalEv
                0x0000cc40      0x14c ../driveRoutes.o
                0x0000cc40                DriveRoutes::passportToFinal()
 .text._ZN10DrivetrainC2E7Sensors
                0x0000cd8c       0x78 ../drivetrain.o
                0x0000cd8c                Drivetrain::Drivetrain(Sensors)
                0x0000cd8c                Drivetrain::Drivetrain(Sensors)
 .text._ZN10Drivetrain4stopEv
                0x0000ce04       0x48 ../drivetrain.o
                0x0000ce04                Drivetrain::stop()
 .text._ZN10Drivetrain9breakTimeEd
                0x0000ce4c       0x6c ../drivetrain.o
                0x0000ce4c                Drivetrain::breakTime(double)
 .text._ZN10Drivetrain8breakEncEd
                0x0000ceb8       0xa0 ../drivetrain.o
                0x0000ceb8                Drivetrain::breakEnc(double)
 .text._ZN10Drivetrain14driveUnboundedEv
                0x0000cf58       0x2c ../drivetrain.o
                0x0000cf58                Drivetrain::driveUnbounded()
 *fill*         0x0000cf84        0x4 
 .text._ZN10Drivetrain13driveDistanceEd
                0x0000cf88       0xa0 ../drivetrain.o
                0x0000cf88                Drivetrain::driveDistance(double)
 .text._ZN10Drivetrain9driveTimeEdi
                0x0000d028       0x38 ../drivetrain.o
                0x0000d028                Drivetrain::driveTime(double, int)
 .text._ZN10Drivetrain9driveBackEd
                0x0000d060       0xa0 ../drivetrain.o
                0x0000d060                Drivetrain::driveBack(double)
 .text._ZN10Drivetrain8turnLeftEd
                0x0000d100       0x58 ../drivetrain.o
                0x0000d100                Drivetrain::turnLeft(double)
 .text._ZN10Drivetrain9turnRightEd
                0x0000d158       0x50 ../drivetrain.o
                0x0000d158                Drivetrain::turnRight(double)
 .text._ZN10Drivetrain5alignEv
                0x0000d1a8       0xc8 ../drivetrain.o
                0x0000d1a8                Drivetrain::align()
 .text._ZN10Drivetrain14drivePrimitiveEdd
                0x0000d270       0xfc ../drivetrain.o
                0x0000d270                Drivetrain::drivePrimitive(double, double)
 .text._ZN7SensorsC2Ev
                0x0000d36c       0x4e ../sensors.o
                0x0000d36c                Sensors::Sensors()
                0x0000d36c                Sensors::Sensors()
 .text._ZN7Sensors11getRawColorEv
                0x0000d3ba       0x28 ../sensors.o
                0x0000d3ba                Sensors::getRawColor()
 *fill*         0x0000d3e2        0x6 
 .text._ZN7Sensors5isRedEv
                0x0000d3e8       0x48 ../sensors.o
                0x0000d3e8                Sensors::isRed()
 .text._ZN7Sensors8getBumpLEv
                0x0000d430       0x22 ../sensors.o
                0x0000d430                Sensors::getBumpL()
 .text._ZN7Sensors8getBumpREv
                0x0000d452       0x22 ../sensors.o
                0x0000d452                Sensors::getBumpR()
 .text._ZN7Sensors8getBumpFEv
                0x0000d474       0x22 ../sensors.o
                0x0000d474                Sensors::getBumpF()
 .text._ZN13TaskSequencesC2E10Drivetrain3Arm
                0x0000d496       0x52 ../taskSequences.o
                0x0000d496                TaskSequences::TaskSequences(Drivetrain, Arm)
                0x0000d496                TaskSequences::TaskSequences(Drivetrain, Arm)
 .text._ZN13TaskSequences13stampPassportEv
                0x0000d4e8      0x12c ../taskSequences.o
                0x0000d4e8                TaskSequences::stampPassport()
 .text._ZN13TaskSequences9fuelLeverEi
                0x0000d614      0x1e8 ../taskSequences.o
                0x0000d614                TaskSequences::fuelLever(int)
 .text._ZSt3absd
                0x0000d7fc       0x1e ../mech.o
                0x0000d7fc                std::abs(double)
 *fill*         0x0000d81a        0x2 
 .text._ZN3ArmC2E7Sensors
                0x0000d81c       0x60 ../mech.o
                0x0000d81c                Arm::Arm(Sensors)
                0x0000d81c                Arm::Arm(Sensors)
 *fill*         0x0000d87c        0x4 
 .text._ZN3Arm6setPosEd
                0x0000d880      0x10c ../mech.o
                0x0000d880                Arm::setPos(double)
 .text._ZN3Arm4stopEv
                0x0000d98c       0x24 ../mech.o
                0x0000d98c                Arm::stop()
 .text._ZN3Arm5resetEv
                0x0000d9b0       0x80 ../mech.o
                0x0000d9b0                Arm::reset()
 .text._ZN3Arm13liftPrimitiveEd
                0x0000da30       0x6c ../mech.o
                0x0000da30                Arm::liftPrimitive(double)
 .text.PORTD_IRQHandler
                0x0000da9c       0x50 Startup/startup_mk60d10.o
                0x0000da9c                PORTD_IRQHandler
 .text._Z15InitPowerButtonv
                0x0000daec       0x60 Startup/startup_mk60d10.o
                0x0000daec                InitPowerButton()
 .text._ZL11pll_init_blv
                0x0000db4c       0xe0 Startup/startup_mk60d10.o
 .text._Z14InitFEHProteusv
                0x0000dc2c       0xec Startup/startup_mk60d10.o
                0x0000dc2c                InitFEHProteus()
 .text.DMA0_IRQHandler
                0x0000dd18        0xc Startup/startup_mk60d10.o
                0x0000dd18                DMA0_IRQHandler
 .text.DMA1_IRQHandler
                0x0000dd24        0xc Startup/startup_mk60d10.o
                0x0000dd24                DMA1_IRQHandler
 .text.DMA2_IRQHandler
                0x0000dd30        0xc Startup/startup_mk60d10.o
                0x0000dd30                DMA2_IRQHandler
 .text.DMA3_IRQHandler
                0x0000dd3c        0xc Startup/startup_mk60d10.o
                0x0000dd3c                DMA3_IRQHandler
 .text.DMA4_IRQHandler
                0x0000dd48        0xc Startup/startup_mk60d10.o
                0x0000dd48                DMA4_IRQHandler
 .text.DMA5_IRQHandler
                0x0000dd54        0xc Startup/startup_mk60d10.o
                0x0000dd54                DMA5_IRQHandler
 .text.DMA6_IRQHandler
                0x0000dd60        0xc Startup/startup_mk60d10.o
                0x0000dd60                DMA6_IRQHandler
 .text.DMA7_IRQHandler
                0x0000dd6c        0xc Startup/startup_mk60d10.o
                0x0000dd6c                DMA7_IRQHandler
 .text.DMA8_IRQHandler
                0x0000dd78        0xc Startup/startup_mk60d10.o
                0x0000dd78                DMA8_IRQHandler
 .text.DMA9_IRQHandler
                0x0000dd84        0xc Startup/startup_mk60d10.o
                0x0000dd84                DMA9_IRQHandler
 .text.DMA10_IRQHandler
                0x0000dd90        0xc Startup/startup_mk60d10.o
                0x0000dd90                DMA10_IRQHandler
 .text.DMA11_IRQHandler
                0x0000dd9c        0xc Startup/startup_mk60d10.o
                0x0000dd9c                DMA11_IRQHandler
 .text.DMA12_IRQHandler
                0x0000dda8        0xc Startup/startup_mk60d10.o
                0x0000dda8                DMA12_IRQHandler
 .text.DMA13_IRQHandler
                0x0000ddb4        0xc Startup/startup_mk60d10.o
                0x0000ddb4                DMA13_IRQHandler
 .text.DMA14_IRQHandler
                0x0000ddc0        0xc Startup/startup_mk60d10.o
                0x0000ddc0                DMA14_IRQHandler
 .text.DMA15_IRQHandler
                0x0000ddcc        0xc Startup/startup_mk60d10.o
                0x0000ddcc                DMA15_IRQHandler
 .text.DMA_Error_IRQHandler
                0x0000ddd8        0xc Startup/startup_mk60d10.o
                0x0000ddd8                DMA_Error_IRQHandler
 .text.MCM_IRQHandler
                0x0000dde4        0xc Startup/startup_mk60d10.o
                0x0000dde4                MCM_IRQHandler
 .text.FTFL_IRQHandler
                0x0000ddf0        0xc Startup/startup_mk60d10.o
                0x0000ddf0                FTFL_IRQHandler
 .text.Read_Collision_IRQHandler
                0x0000ddfc        0xc Startup/startup_mk60d10.o
                0x0000ddfc                Read_Collision_IRQHandler
 .text.LVD_LVW_IRQHandler
                0x0000de08        0xc Startup/startup_mk60d10.o
                0x0000de08                LVD_LVW_IRQHandler
 .text.LLWU_IRQHandler
                0x0000de14        0xc Startup/startup_mk60d10.o
                0x0000de14                LLWU_IRQHandler
 .text.WDOG_EWM_IRQHandler
                0x0000de20        0xc Startup/startup_mk60d10.o
                0x0000de20                WDOG_EWM_IRQHandler
 .text.RNG_IRQHandler
                0x0000de2c        0xc Startup/startup_mk60d10.o
                0x0000de2c                RNG_IRQHandler
 .text.I2C0_IRQHandler
                0x0000de38        0xc Startup/startup_mk60d10.o
                0x0000de38                I2C0_IRQHandler
 .text.I2C1_IRQHandler
                0x0000de44        0xc Startup/startup_mk60d10.o
                0x0000de44                I2C1_IRQHandler
 .text.SPI0_IRQHandler
                0x0000de50        0xc Startup/startup_mk60d10.o
                0x0000de50                SPI0_IRQHandler
 .text.SPI1_IRQHandler
                0x0000de5c        0xc Startup/startup_mk60d10.o
                0x0000de5c                SPI1_IRQHandler
 .text.SPI2_IRQHandler
                0x0000de68        0xc Startup/startup_mk60d10.o
                0x0000de68                SPI2_IRQHandler
 .text.CAN0_ORed_Message_buffer_IRQHandler
                0x0000de74        0xc Startup/startup_mk60d10.o
                0x0000de74                CAN0_ORed_Message_buffer_IRQHandler
 .text.CAN0_Bus_Off_IRQHandler
                0x0000de80        0xc Startup/startup_mk60d10.o
                0x0000de80                CAN0_Bus_Off_IRQHandler
 .text.CAN0_Error_IRQHandler
                0x0000de8c        0xc Startup/startup_mk60d10.o
                0x0000de8c                CAN0_Error_IRQHandler
 .text.CAN0_Tx_Warning_IRQHandler
                0x0000de98        0xc Startup/startup_mk60d10.o
                0x0000de98                CAN0_Tx_Warning_IRQHandler
 .text.CAN0_Rx_Warning_IRQHandler
                0x0000dea4        0xc Startup/startup_mk60d10.o
                0x0000dea4                CAN0_Rx_Warning_IRQHandler
 .text.CAN0_Wake_Up_IRQHandler
                0x0000deb0        0xc Startup/startup_mk60d10.o
                0x0000deb0                CAN0_Wake_Up_IRQHandler
 .text.I2S0_Tx_IRQHandler
                0x0000debc        0xc Startup/startup_mk60d10.o
                0x0000debc                I2S0_Tx_IRQHandler
 .text.I2S0_Rx_IRQHandler
                0x0000dec8        0xc Startup/startup_mk60d10.o
                0x0000dec8                I2S0_Rx_IRQHandler
 .text.CAN1_ORed_Message_buffer_IRQHandler
                0x0000ded4        0xc Startup/startup_mk60d10.o
                0x0000ded4                CAN1_ORed_Message_buffer_IRQHandler
 .text.CAN1_Bus_Off_IRQHandler
                0x0000dee0        0xc Startup/startup_mk60d10.o
                0x0000dee0                CAN1_Bus_Off_IRQHandler
 .text.CAN1_Error_IRQHandler
                0x0000deec        0xc Startup/startup_mk60d10.o
                0x0000deec                CAN1_Error_IRQHandler
 .text.CAN1_Tx_Warning_IRQHandler
                0x0000def8        0xc Startup/startup_mk60d10.o
                0x0000def8                CAN1_Tx_Warning_IRQHandler
 .text.CAN1_Rx_Warning_IRQHandler
                0x0000df04        0xc Startup/startup_mk60d10.o
                0x0000df04                CAN1_Rx_Warning_IRQHandler
 .text.CAN1_Wake_Up_IRQHandler
                0x0000df10        0xc Startup/startup_mk60d10.o
                0x0000df10                CAN1_Wake_Up_IRQHandler
 .text.Reserved59_IRQHandler
                0x0000df1c        0xc Startup/startup_mk60d10.o
                0x0000df1c                Reserved59_IRQHandler
 .text.UART0_LON_IRQHandler
                0x0000df28        0xc Startup/startup_mk60d10.o
                0x0000df28                UART0_LON_IRQHandler
 .text.UART0_ERR_IRQHandler
                0x0000df34        0xc Startup/startup_mk60d10.o
                0x0000df34                UART0_ERR_IRQHandler
 .text.UART1_RX_TX_IRQHandler
                0x0000df40        0xc Startup/startup_mk60d10.o
                0x0000df40                UART1_RX_TX_IRQHandler
 .text.UART1_ERR_IRQHandler
                0x0000df4c        0xc Startup/startup_mk60d10.o
                0x0000df4c                UART1_ERR_IRQHandler
 .text.UART2_RX_TX_IRQHandler
                0x0000df58        0xc Startup/startup_mk60d10.o
                0x0000df58                UART2_RX_TX_IRQHandler
 .text.UART2_ERR_IRQHandler
                0x0000df64        0xc Startup/startup_mk60d10.o
                0x0000df64                UART2_ERR_IRQHandler
 .text.UART3_RX_TX_IRQHandler
                0x0000df70        0xc Startup/startup_mk60d10.o
                0x0000df70                UART3_RX_TX_IRQHandler
 .text.UART3_ERR_IRQHandler
                0x0000df7c        0xc Startup/startup_mk60d10.o
                0x0000df7c                UART3_ERR_IRQHandler
 .text.UART4_RX_TX_IRQHandler
                0x0000df88        0xc Startup/startup_mk60d10.o
                0x0000df88                UART4_RX_TX_IRQHandler
 .text.UART4_ERR_IRQHandler
                0x0000df94        0xc Startup/startup_mk60d10.o
                0x0000df94                UART4_ERR_IRQHandler
 .text.UART5_RX_TX_IRQHandler
                0x0000dfa0        0xc Startup/startup_mk60d10.o
                0x0000dfa0                UART5_RX_TX_IRQHandler
 .text.UART5_ERR_IRQHandler
                0x0000dfac        0xc Startup/startup_mk60d10.o
                0x0000dfac                UART5_ERR_IRQHandler
 .text.ADC0_IRQHandler
                0x0000dfb8        0xc Startup/startup_mk60d10.o
                0x0000dfb8                ADC0_IRQHandler
 .text.ADC1_IRQHandler
                0x0000dfc4        0xc Startup/startup_mk60d10.o
                0x0000dfc4                ADC1_IRQHandler
 .text.CMP0_IRQHandler
                0x0000dfd0        0xc Startup/startup_mk60d10.o
                0x0000dfd0                CMP0_IRQHandler
 .text.CMP1_IRQHandler
                0x0000dfdc        0xc Startup/startup_mk60d10.o
                0x0000dfdc                CMP1_IRQHandler
 .text.CMP2_IRQHandler
                0x0000dfe8        0xc Startup/startup_mk60d10.o
                0x0000dfe8                CMP2_IRQHandler
 .text.FTM0_IRQHandler
                0x0000dff4        0xc Startup/startup_mk60d10.o
                0x0000dff4                FTM0_IRQHandler
 .text.FTM1_IRQHandler
                0x0000e000        0xc Startup/startup_mk60d10.o
                0x0000e000                FTM1_IRQHandler
 .text.FTM2_IRQHandler
                0x0000e00c        0xc Startup/startup_mk60d10.o
                0x0000e00c                FTM2_IRQHandler
 .text.CMT_IRQHandler
                0x0000e018        0xc Startup/startup_mk60d10.o
                0x0000e018                CMT_IRQHandler
 .text.RTC_IRQHandler
                0x0000e024        0xc Startup/startup_mk60d10.o
                0x0000e024                RTC_IRQHandler
 .text.RTC_Seconds_IRQHandler
                0x0000e030        0xc Startup/startup_mk60d10.o
                0x0000e030                RTC_Seconds_IRQHandler
 .text.PIT1_IRQHandler
                0x0000e03c        0xc Startup/startup_mk60d10.o
                0x0000e03c                PIT1_IRQHandler
 .text.PIT2_IRQHandler
                0x0000e048        0xc Startup/startup_mk60d10.o
                0x0000e048                PIT2_IRQHandler
 .text.PIT3_IRQHandler
                0x0000e054        0xc Startup/startup_mk60d10.o
                0x0000e054                PIT3_IRQHandler
 .text.PDB0_IRQHandler
                0x0000e060        0xc Startup/startup_mk60d10.o
                0x0000e060                PDB0_IRQHandler
 .text.USB0_IRQHandler
                0x0000e06c        0xc Startup/startup_mk60d10.o
                0x0000e06c                USB0_IRQHandler
 .text.USBDCD_IRQHandler
                0x0000e078        0xc Startup/startup_mk60d10.o
                0x0000e078                USBDCD_IRQHandler
 .text.ENET_1588_Timer_IRQHandler
                0x0000e084        0xc Startup/startup_mk60d10.o
                0x0000e084                ENET_1588_Timer_IRQHandler
 .text.ENET_Transmit_IRQHandler
                0x0000e090        0xc Startup/startup_mk60d10.o
                0x0000e090                ENET_Transmit_IRQHandler
 .text.ENET_Receive_IRQHandler
                0x0000e09c        0xc Startup/startup_mk60d10.o
                0x0000e09c                ENET_Receive_IRQHandler
 .text.ENET_Error_IRQHandler
                0x0000e0a8        0xc Startup/startup_mk60d10.o
                0x0000e0a8                ENET_Error_IRQHandler
 .text.Reserved95_IRQHandler
                0x0000e0b4        0xc Startup/startup_mk60d10.o
                0x0000e0b4                Reserved95_IRQHandler
 .text.SDHC_IRQHandler
                0x0000e0c0        0xc Startup/startup_mk60d10.o
                0x0000e0c0                SDHC_IRQHandler
 .text.DAC0_IRQHandler
                0x0000e0cc        0xc Startup/startup_mk60d10.o
                0x0000e0cc                DAC0_IRQHandler
 .text.DAC1_IRQHandler
                0x0000e0d8        0xc Startup/startup_mk60d10.o
                0x0000e0d8                DAC1_IRQHandler
 .text.TSI0_IRQHandler
                0x0000e0e4        0xc Startup/startup_mk60d10.o
                0x0000e0e4                TSI0_IRQHandler
 .text.MCG_IRQHandler
                0x0000e0f0        0xc Startup/startup_mk60d10.o
                0x0000e0f0                MCG_IRQHandler
 .text.LPTMR0_IRQHandler
                0x0000e0fc        0xc Startup/startup_mk60d10.o
                0x0000e0fc                LPTMR0_IRQHandler
 .text.Reserved102_IRQHandler
                0x0000e108        0xc Startup/startup_mk60d10.o
                0x0000e108                Reserved102_IRQHandler
 .text.Reserved108_IRQHandler
                0x0000e114        0xc Startup/startup_mk60d10.o
                0x0000e114                Reserved108_IRQHandler
 .text.Reserved109_IRQHandler
                0x0000e120        0xc Startup/startup_mk60d10.o
                0x0000e120                Reserved109_IRQHandler
 .text.SWI_IRQHandler
                0x0000e12c        0xc Startup/startup_mk60d10.o
                0x0000e12c                SWI_IRQHandler
 .text._ZN8FEHMotorC2ENS_12FEHMotorPortEf
                0x0000e138       0x7c Libraries/FEHMotor.o
                0x0000e138                FEHMotor::FEHMotor(FEHMotor::FEHMotorPort, float)
                0x0000e138                FEHMotor::FEHMotor(FEHMotor::FEHMotorPort, float)
 .text._ZN8FEHMotor8SetPowerEi
                0x0000e1b4       0x54 Libraries/FEHMotor.o
                0x0000e1b4                FEHMotor::SetPower(int)
 .text._ZN8FEHMotor10SetPercentEf
                0x0000e208       0xf8 Libraries/FEHMotor.o
                0x0000e208                FEHMotor::SetPercent(float)
 .text._Z21IIC_StartTransmissionhh
                0x0000e300       0x6c Drivers/i2c.o
                0x0000e300                IIC_StartTransmission(unsigned char, unsigned char)
 .text._Z5Pausev
                0x0000e36c       0x24 Drivers/i2c.o
                0x0000e36c                Pause()
 .text._Z21MMA8451QWriteRegisterhh
                0x0000e390       0x68 Drivers/i2c.o
                0x0000e390                MMA8451QWriteRegister(unsigned char, unsigned char)
 .text._Z8i2c_Waitv
                0x0000e3f8       0x6c Drivers/i2c.o
                0x0000e3f8                i2c_Wait()
 .text._Z12SPI_SendCharh
                0x0000e464       0x1a Drivers/spi.o
                0x0000e464                SPI_SendChar(unsigned char)
 .text._Z16SPI_WriteCommandhh
                0x0000e47e       0x34 Drivers/spi.o
                0x0000e47e                SPI_WriteCommand(unsigned char, unsigned char)
 .text._Z11SPI_GetCharv
                0x0000e4b2       0x10 Drivers/spi.o
                0x0000e4b2                SPI_GetChar()
 .text._Z15SPI_ReadCommandh
                0x0000e4c2       0x38 Drivers/spi.o
                0x0000e4c2                SPI_ReadCommand(unsigned char)
 *fill*         0x0000e4fa        0x2 
 .text._Z13SPI_CS_Assertv
                0x0000e4fc       0x1c Drivers/spi.o
                0x0000e4fc                SPI_CS_Assert()
 .text._Z15SPI_CS_Deassertv
                0x0000e518       0x1c Drivers/spi.o
                0x0000e518                SPI_CS_Deassert()
 .text._Z12SPI_Transferh
                0x0000e534       0x6c Drivers/spi.o
                0x0000e534                SPI_Transfer(unsigned char)
 .text._Z8SPI_Initv
                0x0000e5a0       0xa0 Drivers/spi.o
                0x0000e5a0                SPI_Init()
 .text._Z9uart_initPV11UART_MemMapii
                0x0000e640      0x174 Drivers/uart.o
                0x0000e640                uart_init(UART_MemMap volatile*, int, int)
 .text._Z12uart_getcharPV11UART_MemMap
                0x0000e7b4       0x32 Drivers/uart.o
                0x0000e7b4                uart_getchar(UART_MemMap volatile*)
 .text._Z12uart_putcharPV11UART_MemMapc
                0x0000e7e6       0x32 Drivers/uart.o
                0x0000e7e6                uart_putchar(UART_MemMap volatile*, char)
 .text._ZL7mem_setPvij
                0x0000e818       0x3c Drivers/ff.o
 .text._ZL11move_windowP5FATFSm
                0x0000e854       0xc8 Drivers/ff.o
 .text._ZL4syncP5FATFS
                0x0000e91c      0x14c Drivers/ff.o
 .text._ZL8validateP5FATFSt
                0x0000ea68       0x54 Drivers/ff.o
 .text._Z6f_syncP3FIL
                0x0000eabc      0x186 Drivers/ff.o
                0x0000eabc                f_sync(FIL*)
 .text._Z7f_closeP3FIL
                0x0000ec42       0x28 Drivers/ff.o
                0x0000ec42                f_close(FIL*)
 *fill*         0x0000ec6a        0x2 
 .text._ZL17SDHC_set_baudratemm
                0x0000ec6c       0xe8 Drivers/SDHC.o
 .text._Z9SDHC_initP17esdhc_info_structPK17esdhc_init_struct
                0x0000ed54      0x130 Drivers/SDHC.o
                0x0000ed54                SDHC_init(esdhc_info_struct*, esdhc_init_struct const*)
 .text._ZL15SDHC_is_runningv
                0x0000ee84       0x24 Drivers/SDHC.o
 .text._ZL16SDHC_status_waitm
                0x0000eea8       0x2c Drivers/SDHC.o
 .text._ZL17SDHC_send_commandP20esdhc_command_struct
                0x0000eed4      0x1f8 Drivers/SDHC.o
 .text._Z10SDHC_ioctlmPv
                0x0000f0cc      0x6f0 Drivers/SDHC.o
                0x0000f0cc                SDHC_ioctl(unsigned long, void*)
 .text._ZL14rcvr_datablockPhm
                0x0000f7bc       0xf0 Drivers/SDHC.o
 .text._Z9disk_readhPhmh
                0x0000f8ac      0x124 Drivers/SDHC.o
                0x0000f8ac                disk_read(unsigned char, unsigned char*, unsigned long, unsigned char)
 .text._ZL14xmit_datablockPKhm
                0x0000f9d0       0xa4 Drivers/SDHC.o
 .text._Z10disk_writehPKhmh
                0x0000fa74      0x198 Drivers/SDHC.o
                0x0000fa74                disk_write(unsigned char, unsigned char const*, unsigned long, unsigned char)
 .text._Z10disk_ioctlhhPv
                0x0000fc0c      0x104 Drivers/SDHC.o
                0x0000fc0c                disk_ioctl(unsigned char, unsigned char, void*)
 .text._Z11disk_statush
                0x0000fd10       0x28 Drivers/SDHC.o
                0x0000fd10                disk_status(unsigned char)
 .text._Z13time_delay_msm
                0x0000fd38       0x6c Drivers/lptmr.o
                0x0000fd38                time_delay_ms(unsigned long)
 .text._Z41__static_initialization_and_destruction_0ii
                0x0000fda4       0x2c FEHProteus.o
 .text._GLOBAL__sub_I_Propeller
                0x0000fdd0       0x10 FEHProteus.o
 .text._ZN12FEHPropellerC2Ev
                0x0000fde0       0x1a Drivers/FEHPropeller.o
                0x0000fde0                FEHPropeller::FEHPropeller()
                0x0000fde0                FEHPropeller::FEHPropeller()
 *fill*         0x0000fdfa        0x2 
 .text._ZN12FEHPropeller10InitializeEv
                0x0000fdfc       0x74 Drivers/FEHPropeller.o
                0x0000fdfc                FEHPropeller::Initialize()
 .text._ZN12FEHPropeller12SetMotorRateEhhh
                0x0000fe70       0x5c Drivers/FEHPropeller.o
                0x0000fe70                FEHPropeller::SetMotorRate(unsigned char, unsigned char, unsigned char)
 .text._ZL5Delaymjj
                0x0000fecc       0x94 Libraries/FEHUtility.o
 .text._Z5Sleepi
                0x0000ff60       0x2c Libraries/FEHUtility.o
                0x0000ff60                Sleep(int)
 .text._Z5Sleepd
                0x0000ff8c       0x4c Libraries/FEHUtility.o
                0x0000ff8c                Sleep(double)
 .text._Z11TimeNowMSecv
                0x0000ffd8       0x38 Libraries/FEHUtility.o
                0x0000ffd8                TimeNowMSec()
 .text._ZN15DigitalInputPinC2EN5FEHIO8FEHIOPinE
                0x00010010       0x20 Libraries/FEHIO.o
                0x00010010                DigitalInputPin::DigitalInputPin(FEHIO::FEHIOPin)
                0x00010010                DigitalInputPin::DigitalInputPin(FEHIO::FEHIOPin)
 .text._ZN15DigitalInputPin10InitializeEN5FEHIO8FEHIOPinE
                0x00010030      0x198 Libraries/FEHIO.o
                0x00010030                DigitalInputPin::Initialize(FEHIO::FEHIOPin)
 .text._ZN15DigitalInputPin5ValueEv
                0x000101c8      0x108 Libraries/FEHIO.o
                0x000101c8                DigitalInputPin::Value()
 .text._ZN14DigitalEncoderC2EN5FEHIO8FEHIOPinE
                0x000102d0       0x26 Libraries/FEHIO.o
                0x000102d0                DigitalEncoder::DigitalEncoder(FEHIO::FEHIOPin)
                0x000102d0                DigitalEncoder::DigitalEncoder(FEHIO::FEHIOPin)
 *fill*         0x000102f6        0x2 
 .text._Z10enable_irqi
                0x000102f8      0x11c Libraries/FEHIO.o
                0x000102f8                enable_irq(int)
 .text._ZN14DigitalEncoder10InitializeEN5FEHIO8FEHIOPinENS0_21FEHIOInterruptTriggerE
                0x00010414      0x1a8 Libraries/FEHIO.o
                0x00010414                DigitalEncoder::Initialize(FEHIO::FEHIOPin, FEHIO::FEHIOInterruptTrigger)
 .text._Z16PORTB_IRQHandlerv
                0x000105bc       0x9c Libraries/FEHIO.o
                0x000105bc                PORTB_IRQHandler()
 .text._Z16PORTC_IRQHandlerv
                0x00010658       0x9c Libraries/FEHIO.o
                0x00010658                PORTC_IRQHandler()
 .text._Z16PORTA_IRQHandlerv
                0x000106f4       0xa0 Libraries/FEHIO.o
                0x000106f4                PORTA_IRQHandler()
 .text._Z16PORTE_IRQHandlerv
                0x00010794       0x98 Libraries/FEHIO.o
                0x00010794                PORTE_IRQHandler()
 .text._ZN14DigitalEncoder6CountsEv
                0x0001082c       0x24 Libraries/FEHIO.o
                0x0001082c                DigitalEncoder::Counts()
 .text._ZN14DigitalEncoder11ResetCountsEv
                0x00010850       0x24 Libraries/FEHIO.o
                0x00010850                DigitalEncoder::ResetCounts()
 .text._ZN14AnalogInputPinC2EN5FEHIO8FEHIOPinE
                0x00010874       0x1e Libraries/FEHIO.o
                0x00010874                AnalogInputPin::AnalogInputPin(FEHIO::FEHIOPin)
                0x00010874                AnalogInputPin::AnalogInputPin(FEHIO::FEHIOPin)
 *fill*         0x00010892        0x6 
 .text._ZN14AnalogInputPin5ValueEv
                0x00010898      0x120 Libraries/FEHIO.o
                0x00010898                AnalogInputPin::Value()
 .text._ZN13AnalogEncoder12EncoderValueEv
                0x000109b8       0xb0 Libraries/FEHIO.o
                0x000109b8                AnalogEncoder::EncoderValue()
 .text._ZN14AnalogInputPin8InitADCsEv
                0x00010a68       0x98 Libraries/FEHIO.o
                0x00010a68                AnalogInputPin::InitADCs()
 .text._Z15PIT0_IRQHandlerv
                0x00010b00       0x28 Libraries/FEHIO.o
                0x00010b00                PIT0_IRQHandler()
 .text._ZN13AnalogEncoder4InitEv
                0x00010b28       0x44 Libraries/FEHIO.o
                0x00010b28                AnalogEncoder::Init()
 .text._ZN13AnalogEncoder14SetCounterInitEj
                0x00010b6c       0x20 Libraries/FEHIO.o
                0x00010b6c                AnalogEncoder::SetCounterInit(unsigned int)
 .text._ZN13AnalogEncoder10ProcessIntEv
                0x00010b8c       0x68 Libraries/FEHIO.o
                0x00010b8c                AnalogEncoder::ProcessInt()
 .text._ZN13AnalogEncoder14ProcessIntSelfEv
                0x00010bf4       0x6e Libraries/FEHIO.o
                0x00010bf4                AnalogEncoder::ProcessIntSelf()
 .text._Z7ADC_CalPV10ADC_MemMap
                0x00010c62      0x13e Drivers/adc16.o
                0x00010c62                ADC_Cal(ADC_MemMap volatile*)
 .text._Z14ADC_Config_AltPV10ADC_MemMapP7adc_cfg
                0x00010da0       0x6c Drivers/adc16.o
                0x00010da0                ADC_Config_Alt(ADC_MemMap volatile*, adc_cfg*)
 .text._ZN9FEHBuzzerC2Ev
                0x00010e0c       0x14 Libraries/FEHBuzzer.o
                0x00010e0c                FEHBuzzer::FEHBuzzer()
                0x00010e0c                FEHBuzzer::FEHBuzzer()
 .text._Z41__static_initialization_and_destruction_0ii
                0x00010e20       0x2c Libraries/FEHBuzzer.o
 .text._GLOBAL__sub_I_Buzzer
                0x00010e4c       0x10 Libraries/FEHBuzzer.o
 .text._ZN6FEHLCD11_InitializeEv
                0x00010e5c      0x410 Libraries/FEHLCD.o
                0x00010e5c                FEHLCD::_Initialize()
 .text._ZN6FEHLCDC2Ev
                0x0001126c       0x50 Libraries/FEHLCD.o
                0x0001126c                FEHLCD::FEHLCD()
                0x0001126c                FEHLCD::FEHLCD()
 .text._ZN6FEHLCD10InitializeEv
                0x000112bc       0x28 Libraries/FEHLCD.o
                0x000112bc                FEHLCD::Initialize()
 .text._ZN6FEHLCD10PrintImageEii
                0x000112e4       0xbc Libraries/FEHLCD.o
                0x000112e4                FEHLCD::PrintImage(int, int)
 .text._ZN6FEHLCD9PrintLogoEii
                0x000113a0       0xbc Libraries/FEHLCD.o
                0x000113a0                FEHLCD::PrintLogo(int, int)
 .text._ZN6FEHLCD22ConvertFEHColorTo24BitENS_11FEHLCDColorE
                0x0001145c       0x78 Libraries/FEHLCD.o
                0x0001145c                FEHLCD::ConvertFEHColorTo24Bit(FEHLCD::FEHLCDColor)
 .text._ZN6FEHLCD24Convert24BitColorTo16BitEj
                0x000114d4       0x30 Libraries/FEHLCD.o
                0x000114d4                FEHLCD::Convert24BitColorTo16Bit(unsigned int)
 .text._ZN6FEHLCD22ConvertRGBColorTo16BitEhhh
                0x00011504       0x4a Libraries/FEHLCD.o
                0x00011504                FEHLCD::ConvertRGBColorTo16Bit(unsigned char, unsigned char, unsigned char)
 .text._ZN6FEHLCD5ClearENS_11FEHLCDColorE
                0x0001154e       0x28 Libraries/FEHLCD.o
                0x0001154e                FEHLCD::Clear(FEHLCD::FEHLCDColor)
 .text._ZN6FEHLCD5ClearEj
                0x00011576       0x2c Libraries/FEHLCD.o
                0x00011576                FEHLCD::Clear(unsigned int)
 .text._ZN6FEHLCD5ClearEv
                0x000115a2       0x16 Libraries/FEHLCD.o
                0x000115a2                FEHLCD::Clear()
 .text._ZN6FEHLCD18SetBackgroundColorENS_11FEHLCDColorE
                0x000115b8       0x28 Libraries/FEHLCD.o
                0x000115b8                FEHLCD::SetBackgroundColor(FEHLCD::FEHLCDColor)
 .text._ZN6FEHLCD18SetBackgroundColorEj
                0x000115e0       0x26 Libraries/FEHLCD.o
                0x000115e0                FEHLCD::SetBackgroundColor(unsigned int)
 .text._ZN6FEHLCD12SetFontColorENS_11FEHLCDColorE
                0x00011606       0x28 Libraries/FEHLCD.o
                0x00011606                FEHLCD::SetFontColor(FEHLCD::FEHLCDColor)
 .text._ZN6FEHLCD12SetFontColorEj
                0x0001162e       0x26 Libraries/FEHLCD.o
                0x0001162e                FEHLCD::SetFontColor(unsigned int)
 .text._ZN6FEHLCD7WriteAtEPKcii
                0x00011654       0x46 Libraries/FEHLCD.o
                0x00011654                FEHLCD::WriteAt(char const*, int, int)
 .text._ZN6FEHLCD11TS_SPI_InitEv
                0x0001169a       0x7c Libraries/FEHLCD.o
                0x0001169a                FEHLCD::TS_SPI_Init()
 *fill*         0x00011716        0x2 
 .text._ZN6FEHLCD5TouchEPfS0_
                0x00011718      0x1fc Libraries/FEHLCD.o
                0x00011718                FEHLCD::Touch(float*, float*)
 .text._ZN6FEHLCD5TouchEPiS0_
                0x00011914       0xb8 Libraries/FEHLCD.o
                0x00011914                FEHLCD::Touch(int*, int*)
 .text._ZN6FEHLCD3absEi
                0x000119cc       0x22 Libraries/FEHLCD.o
                0x000119cc                FEHLCD::abs(int)
 .text._ZN6FEHLCD5WriteEPKc
                0x000119ee       0x4e Libraries/FEHLCD.o
                0x000119ee                FEHLCD::Write(char const*)
 .text._ZN6FEHLCD5WriteEi
                0x00011a3c       0x30 Libraries/FEHLCD.o
                0x00011a3c                FEHLCD::Write(int)
 .text._ZN6FEHLCD5WriteEf
                0x00011a6c       0xc0 Libraries/FEHLCD.o
                0x00011a6c                FEHLCD::Write(float)
 .text._ZN6FEHLCD5WriteEd
                0x00011b2c       0x26 Libraries/FEHLCD.o
                0x00011b2c                FEHLCD::Write(double)
 .text._ZN6FEHLCD5WriteEc
                0x00011b52       0x30 Libraries/FEHLCD.o
                0x00011b52                FEHLCD::Write(char)
 .text._ZN6FEHLCD9WriteLineEPKc
                0x00011b82       0x26 Libraries/FEHLCD.o
                0x00011b82                FEHLCD::WriteLine(char const*)
 .text._ZN6FEHLCD9WriteLineEi
                0x00011ba8       0x26 Libraries/FEHLCD.o
                0x00011ba8                FEHLCD::WriteLine(int)
 .text._ZN6FEHLCD9WriteLineEd
                0x00011bce       0x2a Libraries/FEHLCD.o
                0x00011bce                FEHLCD::WriteLine(double)
 .text._ZN6FEHLCD9WriteLineEc
                0x00011bf8       0x2a Libraries/FEHLCD.o
                0x00011bf8                FEHLCD::WriteLine(char)
 *fill*         0x00011c22        0x2 
 .text._ZN6FEHLCD10WriteIndexEh
                0x00011c24      0x14c Libraries/FEHLCD.o
                0x00011c24                FEHLCD::WriteIndex(unsigned char)
 .text._ZN6FEHLCD14WriteParameterEh
                0x00011d70      0x130 Libraries/FEHLCD.o
                0x00011d70                FEHLCD::WriteParameter(unsigned char)
 .text._ZN6FEHLCD6_ClearEv
                0x00011ea0      0x15c Libraries/FEHLCD.o
                0x00011ea0                FEHLCD::_Clear()
 .text._ZN6FEHLCD8NextLineEv
                0x00011ffc       0x2a Libraries/FEHLCD.o
                0x00011ffc                FEHLCD::NextLine()
 .text._ZN6FEHLCD9CheckLineEv
                0x00012026       0x28 Libraries/FEHLCD.o
                0x00012026                FEHLCD::CheckLine()
 .text._ZN6FEHLCD8NextCharEv
                0x0001204e       0x32 Libraries/FEHLCD.o
                0x0001204e                FEHLCD::NextChar()
 .text._ZN6FEHLCD9DrawPixelEii
                0x00012080       0x2a Libraries/FEHLCD.o
                0x00012080                FEHLCD::DrawPixel(int, int)
 .text._Z4SwapRiS_
                0x000120aa       0x28 Libraries/FEHLCD.o
                0x000120aa                Swap(int&, int&)
 .text._ZN6FEHLCD13DrawRectangleEiiii
                0x000120d2       0x7c Libraries/FEHLCD.o
                0x000120d2                FEHLCD::DrawRectangle(int, int, int, int)
 .text._ZN6FEHLCD13SetDrawRegionEiiii
                0x0001214e       0xfe Libraries/FEHLCD.o
                0x0001214e                FEHLCD::SetDrawRegion(int, int, int, int)
 .text._ZN6FEHLCD8DrawLineEiiii
                0x0001224c      0x14c Libraries/FEHLCD.o
                0x0001224c                FEHLCD::DrawLine(int, int, int, int)
 .text._ZN6FEHLCD9WriteCharEiic
                0x00012398       0x34 Libraries/FEHLCD.o
                0x00012398                FEHLCD::WriteChar(int, int, char)
 .text._ZN6FEHLCD11WriteCharAtEiic
                0x000123cc      0x214 Libraries/FEHLCD.o
                0x000123cc                FEHLCD::WriteCharAt(int, int, char)
 .text._ZN6FEHLCD11RepeatColorEv
                0x000125e0       0x70 Libraries/FEHLCD.o
                0x000125e0                FEHLCD::RepeatColor()
 .text._ZN6FEHLCD10_ForePixelEv
                0x00012650       0xc4 Libraries/FEHLCD.o
                0x00012650                FEHLCD::_ForePixel()
 .text._ZN6FEHLCD10_BackPixelEv
                0x00012714       0xc4 Libraries/FEHLCD.o
                0x00012714                FEHLCD::_BackPixel()
 .text._ZN6FEHLCD22SetRegisterColorValuesEv
                0x000127d8      0x336 Libraries/FEHLCD.o
                0x000127d8                FEHLCD::SetRegisterColorValues()
 .text._ZN7FEHIcon4IconC2Ev
                0x00012b0e       0x14 Libraries/FEHLCD.o
                0x00012b0e                FEHIcon::Icon::Icon()
                0x00012b0e                FEHIcon::Icon::Icon()
 .text._ZN7FEHIcon4Icon13SetPropertiesEPciiiijj
                0x00012b22       0x6a Libraries/FEHLCD.o
                0x00012b22                FEHIcon::Icon::SetProperties(char*, int, int, int, int, unsigned int, unsigned int)
 .text._ZN7FEHIcon4Icon4DrawEv
                0x00012b8c       0x90 Libraries/FEHLCD.o
                0x00012b8c                FEHIcon::Icon::Draw()
 .text._ZN7FEHIcon4Icon6SelectEv
                0x00012c1c       0x90 Libraries/FEHLCD.o
                0x00012c1c                FEHIcon::Icon::Select()
 .text._ZN7FEHIcon4Icon8DeselectEv
                0x00012cac       0x8c Libraries/FEHLCD.o
                0x00012cac                FEHIcon::Icon::Deselect()
 .text._ZN7FEHIcon4Icon7PressedEffi
                0x00012d38      0x13c Libraries/FEHLCD.o
                0x00012d38                FEHIcon::Icon::Pressed(float, float, int)
 .text._ZN7FEHIcon4Icon12WhilePressedEff
                0x00012e74       0x50 Libraries/FEHLCD.o
                0x00012e74                FEHIcon::Icon::WhilePressed(float, float)
 .text._ZN7FEHIcon13DrawIconArrayEPNS_4IconEiiiiiiPA20_cjj
                0x00012ec4      0x168 Libraries/FEHLCD.o
                0x00012ec4                FEHIcon::DrawIconArray(FEHIcon::Icon*, int, int, int, int, int, int, char (*) [20], unsigned int, unsigned int)
 .text._Z41__static_initialization_and_destruction_0ii
                0x0001302c       0x2c Libraries/FEHLCD.o
 .text._GLOBAL__sub_I_image
                0x00013058       0x10 Libraries/FEHLCD.o
 .text._ZN8FEHAccelC2Ev
                0x00013068       0x70 Libraries/FEHAccel.o
                0x00013068                FEHAccel::FEHAccel()
                0x00013068                FEHAccel::FEHAccel()
 .text._Z41__static_initialization_and_destruction_0ii
                0x000130d8       0x2c Libraries/FEHAccel.o
 .text._GLOBAL__sub_I_Accel
                0x00013104       0x10 Libraries/FEHAccel.o
 *fill*         0x00013114        0x4 
 .text._ZN10FEHBattery7VoltageEv
                0x00013118       0x54 Libraries/FEHBattery.o
                0x00013118                FEHBattery::Voltage()
 .text._ZN10FEHBatteryC2EN5FEHIO8FEHIOPinE
                0x0001316c       0x22 Libraries/FEHBattery.o
                0x0001316c                FEHBattery::FEHBattery(FEHIO::FEHIOPin)
                0x0001316c                FEHBattery::FEHBattery(FEHIO::FEHIOPin)
 *fill*         0x0001318e        0x2 
 .text._Z41__static_initialization_and_destruction_0ii
                0x00013190       0x30 Libraries/FEHBattery.o
 .text._GLOBAL__sub_I_Battery
                0x000131c0       0x10 Libraries/FEHBattery.o
 .text._ZN7FEHXBeeC2Ev
                0x000131d0       0x1a Drivers/FEHXBee.o
                0x000131d0                FEHXBee::FEHXBee()
                0x000131d0                FEHXBee::FEHXBee()
 *fill*         0x000131ea        0x2 
 .text._ZN7FEHXBee10InitializeEv
                0x000131ec       0xdc Drivers/FEHXBee.o
                0x000131ec                FEHXBee::Initialize()
 .text._ZN7FEHXBee13IsInitializedEv
                0x000132c8       0x16 Drivers/FEHXBee.o
                0x000132c8                FEHXBee::IsInitialized()
 *fill*         0x000132de        0x2 
 .text._ZN7FEHXBee17ReceiveDataSearchEPcjh
                0x000132e0       0x8c Drivers/FEHXBee.o
                0x000132e0                FEHXBee::ReceiveDataSearch(char*, unsigned int, unsigned char)
 .text._ZN7FEHXBee8SendDataEPcj
                0x0001336c       0x40 Drivers/FEHXBee.o
                0x0001336c                FEHXBee::SendData(char*, unsigned int)
 .text._ZN7FEHXBee17SetPacketCallBackEPFvPhhE
                0x000133ac       0x20 Drivers/FEHXBee.o
                0x000133ac                FEHXBee::SetPacketCallBack(void (*)(unsigned char*, unsigned char))
 .text._Z22UART0_RX_TX_IRQHandlerv
                0x000133cc       0xec Drivers/FEHXBee.o
                0x000133cc                UART0_RX_TX_IRQHandler()
 .text._ZN6FEHRCSC2Ev
                0x000134b8       0x74 Libraries/FEHRCS.o
                0x000134b8                FEHRCS::FEHRCS()
                0x000134b8                FEHRCS::FEHRCS()
 .text._ZN6FEHRCS10InitializeEiPKc
                0x0001352c      0x7a0 Libraries/FEHRCS.o
                0x0001352c                FEHRCS::Initialize(int, char const*)
 .text._ZN6FEHRCS10InitializeEcPKc
                0x00013ccc       0x4c Libraries/FEHRCS.o
                0x00013ccc                FEHRCS::Initialize(char, char const*)
 .text._ZN6FEHRCS19InitializeTouchMenuEPKc
                0x00013d18      0x438 Libraries/FEHRCS.o
                0x00013d18                FEHRCS::InitializeTouchMenu(char const*)
 .text._ZN6FEHRCS19CurrentRegionLetterEv
                0x00014150       0x1c Libraries/FEHRCS.o
                0x00014150                FEHRCS::CurrentRegionLetter()
 .text._ZN6FEHRCS13WaitForPacketEv
                0x0001416c       0x58 Libraries/FEHRCS.o
                0x0001416c                FEHRCS::WaitForPacket()
 .text._Z14RCSDataProcessPhh
                0x000141c4       0xa0 Libraries/FEHRCS.o
                0x000141c4                RCSDataProcess(unsigned char*, unsigned char)
 .text._Z41__static_initialization_and_destruction_0ii
                0x00014264       0x2c Libraries/FEHRCS.o
 .text._GLOBAL__sub_I_RCS
                0x00014290       0x10 Libraries/FEHRCS.o
 .text._ZN5FEHSDC2Ev
                0x000142a0       0x24 Libraries/FEHSD.o
                0x000142a0                FEHSD::FEHSD()
                0x000142a0                FEHSD::FEHSD()
 .text._ZN5FEHSD9FCloseAllEv
                0x000142c4       0x6c Libraries/FEHSD.o
                0x000142c4                FEHSD::FCloseAll()
 .text._Z41__static_initialization_and_destruction_0ii
                0x00014330       0x2c Libraries/FEHSD.o
 .text._GLOBAL__sub_I_SD
                0x0001435c       0x10 Libraries/FEHSD.o
 .text._ZN9FEHRandom10InitializeEv
                0x0001436c       0x3c Libraries/FEHRandom.o
                0x0001436c                FEHRandom::Initialize()
 .text.startup._GLOBAL__sub_I__ZN9__gnu_cxx9__freeresEv
                0x000143a8       0x28 c:/gcc-arm-none-eabi-10.3-2021.10/bin/../lib/gcc/arm-none-eabi/10.3.1/../../../../arm-none-eabi/lib/thumb/v7e-m/nofp\libstdc++.a(eh_alloc.o)
 .text          0x000143d0      0x378 c:/gcc-arm-none-eabi-10.3-2021.10/bin/../lib/gcc/arm-none-eabi/10.3.1/thumb/v7e-m/nofp\libgcc.a(_arm_addsubdf3.o)
                0x000143d0                __aeabi_drsub
                0x000143d8                __aeabi_dsub
                0x000143d8                __subdf3
                0x000143dc                __aeabi_dadd
                0x000143dc                __adddf3
                0x00014654                __floatunsidf
                0x00014654                __aeabi_ui2d
                0x00014674                __floatsidf
                0x00014674                __aeabi_i2d
                0x00014698                __aeabi_f2d
                0x00014698                __extendsfdf2
                0x000146dc                __floatundidf
                0x000146dc                __aeabi_ul2d
                0x000146ec                __floatdidf
                0x000146ec                __aeabi_l2d
 .text          0x00014748      0x424 c:/gcc-arm-none-eabi-10.3-2021.10/bin/../lib/gcc/arm-none-eabi/10.3.1/thumb/v7e-m/nofp\libgcc.a(_arm_muldivdf3.o)
                0x00014748                __aeabi_dmul
                0x00014748                __muldf3
                0x0001499c                __divdf3
                0x0001499c                __aeabi_ddiv
 .text          0x00014b6c      0x110 c:/gcc-arm-none-eabi-10.3-2021.10/bin/../lib/gcc/arm-none-eabi/10.3.1/thumb/v7e-m/nofp\libgcc.a(_arm_cmpdf2.o)
                0x00014b6c                __gtdf2
                0x00014b6c                __gedf2
                0x00014b74                __ltdf2
                0x00014b74                __ledf2
                0x00014b7c                __nedf2
                0x00014b7c                __eqdf2
                0x00014b7c                __cmpdf2
                0x00014bf8                __aeabi_cdrcmple
                0x00014c08                __aeabi_cdcmpeq
                0x00014c08                __aeabi_cdcmple
                0x00014c18                __aeabi_dcmpeq
                0x00014c2c                __aeabi_dcmplt
                0x00014c40                __aeabi_dcmple
                0x00014c54                __aeabi_dcmpge
                0x00014c68                __aeabi_dcmpgt
 .text          0x00014c7c       0x50 c:/gcc-arm-none-eabi-10.3-2021.10/bin/../lib/gcc/arm-none-eabi/10.3.1/thumb/v7e-m/nofp\libgcc.a(_arm_fixdfsi.o)
                0x00014c7c                __aeabi_d2iz
                0x00014c7c                __fixdfsi
 .text          0x00014ccc       0x40 c:/gcc-arm-none-eabi-10.3-2021.10/bin/../lib/gcc/arm-none-eabi/10.3.1/thumb/v7e-m/nofp\libgcc.a(_arm_fixunsdfsi.o)
                0x00014ccc                __aeabi_d2uiz
                0x00014ccc                __fixunsdfsi
 .text          0x00014d0c       0xa0 c:/gcc-arm-none-eabi-10.3-2021.10/bin/../lib/gcc/arm-none-eabi/10.3.1/thumb/v7e-m/nofp\libgcc.a(_arm_truncdfsf2.o)
                0x00014d0c                __truncdfsf2
                0x00014d0c                __aeabi_d2f
 .text          0x00014dac      0x21c c:/gcc-arm-none-eabi-10.3-2021.10/bin/../lib/gcc/arm-none-eabi/10.3.1/thumb/v7e-m/nofp\libgcc.a(_arm_addsubsf3.o)
                0x00014dac                __aeabi_frsub
                0x00014db4                __subsf3
                0x00014db4                __aeabi_fsub
                0x00014db8                __aeabi_fadd
                0x00014db8                __addsf3
                0x00014f18                __aeabi_ui2f
                0x00014f18                __floatunsisf
                0x00014f20                __aeabi_i2f
                0x00014f20                __floatsisf
                0x00014f3c                __aeabi_ul2f
                0x00014f3c                __floatundisf
                0x00014f4c                __aeabi_l2f
                0x00014f4c                __floatdisf
 .text          0x00014fc8      0x2a0 c:/gcc-arm-none-eabi-10.3-2021.10/bin/../lib/gcc/arm-none-eabi/10.3.1/thumb/v7e-m/nofp\libgcc.a(_arm_muldivsf3.o)
                0x00014fc8                __mulsf3
                0x00014fc8                __aeabi_fmul
                0x00015130                __aeabi_fdiv
                0x00015130                __divsf3
 .text          0x00015268       0xec c:/gcc-arm-none-eabi-10.3-2021.10/bin/../lib/gcc/arm-none-eabi/10.3.1/thumb/v7e-m/nofp\libgcc.a(_arm_cmpsf2.o)
                0x00015268                __gesf2
                0x00015268                __gtsf2
                0x00015270                __lesf2
                0x00015270                __ltsf2
                0x00015278                __nesf2
                0x00015278                __eqsf2
                0x00015278                __cmpsf2
                0x000152d8                __aeabi_cfrcmple
                0x000152e0                __aeabi_cfcmpeq
                0x000152e0                __aeabi_cfcmple
                0x000152f0                __aeabi_fcmpeq
                0x00015304                __aeabi_fcmplt
                0x00015318                __aeabi_fcmple
                0x0001532c                __aeabi_fcmpge
                0x00015340                __aeabi_fcmpgt
 .text          0x00015354       0x4c c:/gcc-arm-none-eabi-10.3-2021.10/bin/../lib/gcc/arm-none-eabi/10.3.1/thumb/v7e-m/nofp\libgcc.a(_arm_fixsfsi.o)
                0x00015354                __aeabi_f2iz
                0x00015354                __fixsfsi
 .text.abort    0x000153a0       0x10 c:/gcc-arm-none-eabi-10.3-2021.10/bin/../lib/gcc/arm-none-eabi/10.3.1/../../../../arm-none-eabi/lib/thumb/v7e-m/nofp\libg.a(lib_a-abort.o)
                0x000153a0                abort
 .text.__sfvwrite_r
                0x000153b0      0x2e8 c:/gcc-arm-none-eabi-10.3-2021.10/bin/../lib/gcc/arm-none-eabi/10.3.1/../../../../arm-none-eabi/lib/thumb/v7e-m/nofp\libg.a(lib_a-fvwrite.o)
                0x000153b0                __sfvwrite_r
 .text.__libc_init_array
                0x00015698       0x48 c:/gcc-arm-none-eabi-10.3-2021.10/bin/../lib/gcc/arm-none-eabi/10.3.1/../../../../arm-none-eabi/lib/thumb/v7e-m/nofp\libg.a(lib_a-init.o)
                0x00015698                __libc_init_array
 .text.__retarget_lock_init_recursive
                0x000156e0        0x4 c:/gcc-arm-none-eabi-10.3-2021.10/bin/../lib/gcc/arm-none-eabi/10.3.1/../../../../arm-none-eabi/lib/thumb/v7e-m/nofp\libg.a(lib_a-lock.o)
                0x000156e0                __retarget_lock_init_recursive
 .text.__retarget_lock_close_recursive
                0x000156e4        0x4 c:/gcc-arm-none-eabi-10.3-2021.10/bin/../lib/gcc/arm-none-eabi/10.3.1/../../../../arm-none-eabi/lib/thumb/v7e-m/nofp\libg.a(lib_a-lock.o)
                0x000156e4                __retarget_lock_close_recursive
 .text.__retarget_lock_acquire_recursive
                0x000156e8        0x4 c:/gcc-arm-none-eabi-10.3-2021.10/bin/../lib/gcc/arm-none-eabi/10.3.1/../../../../arm-none-eabi/lib/thumb/v7e-m/nofp\libg.a(lib_a-lock.o)
                0x000156e8                __retarget_lock_acquire_recursive
 .text.__retarget_lock_release_recursive
                0x000156ec        0x4 c:/gcc-arm-none-eabi-10.3-2021.10/bin/../lib/gcc/arm-none-eabi/10.3.1/../../../../arm-none-eabi/lib/thumb/v7e-m/nofp\libg.a(lib_a-lock.o)
                0x000156ec                __retarget_lock_release_recursive
 .text.malloc   0x000156f0       0x10 c:/gcc-arm-none-eabi-10.3-2021.10/bin/../lib/gcc/arm-none-eabi/10.3.1/../../../../arm-none-eabi/lib/thumb/v7e-m/nofp\libg.a(lib_a-malloc.o)
                0x000156f0                malloc
 .text._malloc_r
                0x00015700      0x560 c:/gcc-arm-none-eabi-10.3-2021.10/bin/../lib/gcc/arm-none-eabi/10.3.1/../../../../arm-none-eabi/lib/thumb/v7e-m/nofp\libg.a(lib_a-mallocr.o)
                0x00015700                _malloc_r
 .text          0x00015c60       0xa0 c:/gcc-arm-none-eabi-10.3-2021.10/bin/../lib/gcc/arm-none-eabi/10.3.1/../../../../arm-none-eabi/lib/thumb/v7e-m/nofp\libg.a(lib_a-memchr.o)
                0x00015c60                memchr
 .text          0x00015d00      0x134 c:/gcc-arm-none-eabi-10.3-2021.10/bin/../lib/gcc/arm-none-eabi/10.3.1/../../../../arm-none-eabi/lib/thumb/v7e-m/nofp\libg.a(lib_a-memcpy.o)
                0x00015d00                memcpy
 .text.memmove  0x00015e34       0xf8 c:/gcc-arm-none-eabi-10.3-2021.10/bin/../lib/gcc/arm-none-eabi/10.3.1/../../../../arm-none-eabi/lib/thumb/v7e-m/nofp\libg.a(lib_a-memmove.o)
                0x00015e34                memmove
 .text.memset   0x00015f2c       0xa4 c:/gcc-arm-none-eabi-10.3-2021.10/bin/../lib/gcc/arm-none-eabi/10.3.1/../../../../arm-none-eabi/lib/thumb/v7e-m/nofp\libg.a(lib_a-memset.o)
                0x00015f2c                memset
 .text.__malloc_lock
                0x00015fd0        0xc c:/gcc-arm-none-eabi-10.3-2021.10/bin/../lib/gcc/arm-none-eabi/10.3.1/../../../../arm-none-eabi/lib/thumb/v7e-m/nofp\libg.a(lib_a-mlock.o)
                0x00015fd0                __malloc_lock
 .text.__malloc_unlock
                0x00015fdc        0xc c:/gcc-arm-none-eabi-10.3-2021.10/bin/../lib/gcc/arm-none-eabi/10.3.1/../../../../arm-none-eabi/lib/thumb/v7e-m/nofp\libg.a(lib_a-mlock.o)
                0x00015fdc                __malloc_unlock
 .text._realloc_r
                0x00015fe8      0x3d8 c:/gcc-arm-none-eabi-10.3-2021.10/bin/../lib/gcc/arm-none-eabi/10.3.1/../../../../arm-none-eabi/lib/thumb/v7e-m/nofp\libg.a(lib_a-reallocr.o)
                0x00015fe8                _realloc_r
 .text._sbrk_r  0x000163c0       0x24 c:/gcc-arm-none-eabi-10.3-2021.10/bin/../lib/gcc/arm-none-eabi/10.3.1/../../../../arm-none-eabi/lib/thumb/v7e-m/nofp\libg.a(lib_a-sbrkr.o)
                0x000163c0                _sbrk_r
 .text.raise    0x000163e4       0x5c c:/gcc-arm-none-eabi-10.3-2021.10/bin/../lib/gcc/arm-none-eabi/10.3.1/../../../../arm-none-eabi/lib/thumb/v7e-m/nofp\libg.a(lib_a-signal.o)
                0x000163e4                raise
 .text._kill_r  0x00016440       0x2c c:/gcc-arm-none-eabi-10.3-2021.10/bin/../lib/gcc/arm-none-eabi/10.3.1/../../../../arm-none-eabi/lib/thumb/v7e-m/nofp\libg.a(lib_a-signalr.o)
                0x00016440                _kill_r
 .text._getpid_r
                0x0001646c        0x4 c:/gcc-arm-none-eabi-10.3-2021.10/bin/../lib/gcc/arm-none-eabi/10.3.1/../../../../arm-none-eabi/lib/thumb/v7e-m/nofp\libg.a(lib_a-signalr.o)
                0x0001646c                _getpid_r
 .text.sprintf  0x00016470       0x40 c:/gcc-arm-none-eabi-10.3-2021.10/bin/../lib/gcc/arm-none-eabi/10.3.1/../../../../arm-none-eabi/lib/thumb/v7e-m/nofp\libg.a(lib_a-sprintf.o)
                0x00016470                sprintf
 .text.strcpy   0x000164b0       0xbc c:/gcc-arm-none-eabi-10.3-2021.10/bin/../lib/gcc/arm-none-eabi/10.3.1/../../../../arm-none-eabi/lib/thumb/v7e-m/nofp\libg.a(lib_a-strcpy.o)
                0x000164b0                strcpy
 *fill*         0x0001656c       0x14 
 .text          0x00016580       0xdc c:/gcc-arm-none-eabi-10.3-2021.10/bin/../lib/gcc/arm-none-eabi/10.3.1/../../../../arm-none-eabi/lib/thumb/v7e-m/nofp\libg.a(lib_a-strlen.o)
                0x00016580                strlen
 .text._svfprintf_r
                0x0001665c     0x1a3c c:/gcc-arm-none-eabi-10.3-2021.10/bin/../lib/gcc/arm-none-eabi/10.3.1/../../../../arm-none-eabi/lib/thumb/v7e-m/nofp\libg.a(lib_a-svfprintf.o)
                0x0001665c                _svfprintf_r
 .text.__swbuf_r
                0x00018098       0xb0 c:/gcc-arm-none-eabi-10.3-2021.10/bin/../lib/gcc/arm-none-eabi/10.3.1/../../../../arm-none-eabi/lib/thumb/v7e-m/nofp\libg.a(lib_a-wbuf.o)
                0x00018098                __swbuf_r
 .text._write_r
                0x00018148       0x2c c:/gcc-arm-none-eabi-10.3-2021.10/bin/../lib/gcc/arm-none-eabi/10.3.1/../../../../arm-none-eabi/lib/thumb/v7e-m/nofp\libg.a(lib_a-writer.o)
                0x00018148                _write_r
 .text.__swsetup_r
                0x00018174       0xd4 c:/gcc-arm-none-eabi-10.3-2021.10/bin/../lib/gcc/arm-none-eabi/10.3.1/../../../../arm-none-eabi/lib/thumb/v7e-m/nofp\libg.a(lib_a-wsetup.o)
                0x00018174                __swsetup_r
 .text.startup.register_fini
                0x00018248       0x14 c:/gcc-arm-none-eabi-10.3-2021.10/bin/../lib/gcc/arm-none-eabi/10.3.1/../../../../arm-none-eabi/lib/thumb/v7e-m/nofp\libg.a(lib_a-__call_atexit.o)
 .text.atexit   0x0001825c        0xc c:/gcc-arm-none-eabi-10.3-2021.10/bin/../lib/gcc/arm-none-eabi/10.3.1/../../../../arm-none-eabi/lib/thumb/v7e-m/nofp\libg.a(lib_a-atexit.o)
                0x0001825c                atexit
 .text.quorem   0x00018268      0x124 c:/gcc-arm-none-eabi-10.3-2021.10/bin/../lib/gcc/arm-none-eabi/10.3.1/../../../../arm-none-eabi/lib/thumb/v7e-m/nofp\libg.a(lib_a-dtoa.o)
 *fill*         0x0001838c        0x4 
 .text._dtoa_r  0x00018390      0xec4 c:/gcc-arm-none-eabi-10.3-2021.10/bin/../lib/gcc/arm-none-eabi/10.3.1/../../../../arm-none-eabi/lib/thumb/v7e-m/nofp\libg.a(lib_a-dtoa.o)
                0x00018390                _dtoa_r
 .text.__sflush_r
                0x00019254      0x120 c:/gcc-arm-none-eabi-10.3-2021.10/bin/../lib/gcc/arm-none-eabi/10.3.1/../../../../arm-none-eabi/lib/thumb/v7e-m/nofp\libg.a(lib_a-fflush.o)
                0x00019254                __sflush_r
 .text._fflush_r
                0x00019374       0x5c c:/gcc-arm-none-eabi-10.3-2021.10/bin/../lib/gcc/arm-none-eabi/10.3.1/../../../../arm-none-eabi/lib/thumb/v7e-m/nofp\libg.a(lib_a-fflush.o)
                0x00019374                _fflush_r
 .text._cleanup_r
                0x000193d0        0xc c:/gcc-arm-none-eabi-10.3-2021.10/bin/../lib/gcc/arm-none-eabi/10.3.1/../../../../arm-none-eabi/lib/thumb/v7e-m/nofp\libg.a(lib_a-findfp.o)
                0x000193d0                _cleanup_r
 .text.__sinit  0x000193dc      0x10c c:/gcc-arm-none-eabi-10.3-2021.10/bin/../lib/gcc/arm-none-eabi/10.3.1/../../../../arm-none-eabi/lib/thumb/v7e-m/nofp\libg.a(lib_a-findfp.o)
                0x000193dc                __sinit
 .text.__sfp_lock_acquire
                0x000194e8        0xc c:/gcc-arm-none-eabi-10.3-2021.10/bin/../lib/gcc/arm-none-eabi/10.3.1/../../../../arm-none-eabi/lib/thumb/v7e-m/nofp\libg.a(lib_a-findfp.o)
                0x000194e8                __sfp_lock_acquire
 .text.__sfp_lock_release
                0x000194f4        0xc c:/gcc-arm-none-eabi-10.3-2021.10/bin/../lib/gcc/arm-none-eabi/10.3.1/../../../../arm-none-eabi/lib/thumb/v7e-m/nofp\libg.a(lib_a-findfp.o)
                0x000194f4                __sfp_lock_release
 .text.__libc_fini_array
                0x00019500       0x2c c:/gcc-arm-none-eabi-10.3-2021.10/bin/../lib/gcc/arm-none-eabi/10.3.1/../../../../arm-none-eabi/lib/thumb/v7e-m/nofp\libg.a(lib_a-fini.o)
                0x00019500                __libc_fini_array
 .text._malloc_trim_r
                0x0001952c       0xa0 c:/gcc-arm-none-eabi-10.3-2021.10/bin/../lib/gcc/arm-none-eabi/10.3.1/../../../../arm-none-eabi/lib/thumb/v7e-m/nofp\libg.a(lib_a-freer.o)
                0x0001952c                _malloc_trim_r
 .text._free_r  0x000195cc      0x20c c:/gcc-arm-none-eabi-10.3-2021.10/bin/../lib/gcc/arm-none-eabi/10.3.1/../../../../arm-none-eabi/lib/thumb/v7e-m/nofp\libg.a(lib_a-freer.o)
                0x000195cc                _free_r
 .text._fwalk_reent
                0x000197d8       0x48 c:/gcc-arm-none-eabi-10.3-2021.10/bin/../lib/gcc/arm-none-eabi/10.3.1/../../../../arm-none-eabi/lib/thumb/v7e-m/nofp\libg.a(lib_a-fwalk.o)
                0x000197d8                _fwalk_reent
 .text._localeconv_r
                0x00019820        0x8 c:/gcc-arm-none-eabi-10.3-2021.10/bin/../lib/gcc/arm-none-eabi/10.3.1/../../../../arm-none-eabi/lib/thumb/v7e-m/nofp\libg.a(lib_a-localeconv.o)
                0x00019820                _localeconv_r
 .text.__smakebuf_r
                0x00019828       0xe0 c:/gcc-arm-none-eabi-10.3-2021.10/bin/../lib/gcc/arm-none-eabi/10.3.1/../../../../arm-none-eabi/lib/thumb/v7e-m/nofp\libg.a(lib_a-makebuf.o)
                0x00019828                __smakebuf_r
 .text._Balloc  0x00019908       0x4c c:/gcc-arm-none-eabi-10.3-2021.10/bin/../lib/gcc/arm-none-eabi/10.3.1/../../../../arm-none-eabi/lib/thumb/v7e-m/nofp\libg.a(lib_a-mprec.o)
                0x00019908                _Balloc
 .text._Bfree   0x00019954       0x14 c:/gcc-arm-none-eabi-10.3-2021.10/bin/../lib/gcc/arm-none-eabi/10.3.1/../../../../arm-none-eabi/lib/thumb/v7e-m/nofp\libg.a(lib_a-mprec.o)
                0x00019954                _Bfree
 .text.__multadd
                0x00019968       0xa0 c:/gcc-arm-none-eabi-10.3-2021.10/bin/../lib/gcc/arm-none-eabi/10.3.1/../../../../arm-none-eabi/lib/thumb/v7e-m/nofp\libg.a(lib_a-mprec.o)
                0x00019968                __multadd
 .text.__hi0bits
                0x00019a08       0x40 c:/gcc-arm-none-eabi-10.3-2021.10/bin/../lib/gcc/arm-none-eabi/10.3.1/../../../../arm-none-eabi/lib/thumb/v7e-m/nofp\libg.a(lib_a-mprec.o)
                0x00019a08                __hi0bits
 .text.__lo0bits
                0x00019a48       0x5c c:/gcc-arm-none-eabi-10.3-2021.10/bin/../lib/gcc/arm-none-eabi/10.3.1/../../../../arm-none-eabi/lib/thumb/v7e-m/nofp\libg.a(lib_a-mprec.o)
                0x00019a48                __lo0bits
 .text.__i2b    0x00019aa4       0x5c c:/gcc-arm-none-eabi-10.3-2021.10/bin/../lib/gcc/arm-none-eabi/10.3.1/../../../../arm-none-eabi/lib/thumb/v7e-m/nofp\libg.a(lib_a-mprec.o)
                0x00019aa4                __i2b
 .text.__multiply
                0x00019b00      0x15c c:/gcc-arm-none-eabi-10.3-2021.10/bin/../lib/gcc/arm-none-eabi/10.3.1/../../../../arm-none-eabi/lib/thumb/v7e-m/nofp\libg.a(lib_a-mprec.o)
                0x00019b00                __multiply
 .text.__pow5mult
                0x00019c5c       0xc0 c:/gcc-arm-none-eabi-10.3-2021.10/bin/../lib/gcc/arm-none-eabi/10.3.1/../../../../arm-none-eabi/lib/thumb/v7e-m/nofp\libg.a(lib_a-mprec.o)
                0x00019c5c                __pow5mult
 .text.__lshift
                0x00019d1c       0xf0 c:/gcc-arm-none-eabi-10.3-2021.10/bin/../lib/gcc/arm-none-eabi/10.3.1/../../../../arm-none-eabi/lib/thumb/v7e-m/nofp\libg.a(lib_a-mprec.o)
                0x00019d1c                __lshift
 .text.__mcmp   0x00019e0c       0x40 c:/gcc-arm-none-eabi-10.3-2021.10/bin/../lib/gcc/arm-none-eabi/10.3.1/../../../../arm-none-eabi/lib/thumb/v7e-m/nofp\libg.a(lib_a-mprec.o)
                0x00019e0c                __mcmp
 .text.__mdiff  0x00019e4c      0x14c c:/gcc-arm-none-eabi-10.3-2021.10/bin/../lib/gcc/arm-none-eabi/10.3.1/../../../../arm-none-eabi/lib/thumb/v7e-m/nofp\libg.a(lib_a-mprec.o)
                0x00019e4c                __mdiff
 .text.__d2b    0x00019f98       0xc4 c:/gcc-arm-none-eabi-10.3-2021.10/bin/../lib/gcc/arm-none-eabi/10.3.1/../../../../arm-none-eabi/lib/thumb/v7e-m/nofp\libg.a(lib_a-mprec.o)
                0x00019f98                __d2b
 .text.frexp    0x0001a05c       0x70 c:/gcc-arm-none-eabi-10.3-2021.10/bin/../lib/gcc/arm-none-eabi/10.3.1/../../../../arm-none-eabi/lib/thumb/v7e-m/nofp\libg.a(lib_a-s_frexp.o)
                0x0001a05c                frexp
 .text.__sread  0x0001a0cc       0x24 c:/gcc-arm-none-eabi-10.3-2021.10/bin/../lib/gcc/arm-none-eabi/10.3.1/../../../../arm-none-eabi/lib/thumb/v7e-m/nofp\libg.a(lib_a-stdio.o)
                0x0001a0cc                __sread
 .text.__swrite
                0x0001a0f0       0x40 c:/gcc-arm-none-eabi-10.3-2021.10/bin/../lib/gcc/arm-none-eabi/10.3.1/../../../../arm-none-eabi/lib/thumb/v7e-m/nofp\libg.a(lib_a-stdio.o)
                0x0001a0f0                __swrite
 .text.__sseek  0x0001a130       0x20 c:/gcc-arm-none-eabi-10.3-2021.10/bin/../lib/gcc/arm-none-eabi/10.3.1/../../../../arm-none-eabi/lib/thumb/v7e-m/nofp\libg.a(lib_a-stdio.o)
                0x0001a130                __sseek
 .text.__sclose
                0x0001a150        0x8 c:/gcc-arm-none-eabi-10.3-2021.10/bin/../lib/gcc/arm-none-eabi/10.3.1/../../../../arm-none-eabi/lib/thumb/v7e-m/nofp\libg.a(lib_a-stdio.o)
                0x0001a150                __sclose
 .text.strncpy  0x0001a158       0x64 c:/gcc-arm-none-eabi-10.3-2021.10/bin/../lib/gcc/arm-none-eabi/10.3.1/../../../../arm-none-eabi/lib/thumb/v7e-m/nofp\libg.a(lib_a-strncpy.o)
                0x0001a158                strncpy
 .text.__ssprint_r
                0x0001a1bc       0xf8 c:/gcc-arm-none-eabi-10.3-2021.10/bin/../lib/gcc/arm-none-eabi/10.3.1/../../../../arm-none-eabi/lib/thumb/v7e-m/nofp\libg.a(lib_a-svfiprintf.o)
                0x0001a1bc                __ssprint_r
 .text.__register_exitproc
                0x0001a2b4       0x8c c:/gcc-arm-none-eabi-10.3-2021.10/bin/../lib/gcc/arm-none-eabi/10.3.1/../../../../arm-none-eabi/lib/thumb/v7e-m/nofp\libg.a(lib_a-__atexit.o)
                0x0001a2b4                __register_exitproc
 .text.__assert_func
                0x0001a340       0x40 c:/gcc-arm-none-eabi-10.3-2021.10/bin/../lib/gcc/arm-none-eabi/10.3.1/../../../../arm-none-eabi/lib/thumb/v7e-m/nofp\libg.a(lib_a-assert.o)
                0x0001a340                __assert_func
 .text._calloc_r
                0x0001a380       0x78 c:/gcc-arm-none-eabi-10.3-2021.10/bin/../lib/gcc/arm-none-eabi/10.3.1/../../../../arm-none-eabi/lib/thumb/v7e-m/nofp\libg.a(lib_a-callocr.o)
                0x0001a380                _calloc_r
 .text._close_r
                0x0001a3f8       0x24 c:/gcc-arm-none-eabi-10.3-2021.10/bin/../lib/gcc/arm-none-eabi/10.3.1/../../../../arm-none-eabi/lib/thumb/v7e-m/nofp\libg.a(lib_a-closer.o)
                0x0001a3f8                _close_r
 .text.__errno  0x0001a41c        0xc c:/gcc-arm-none-eabi-10.3-2021.10/bin/../lib/gcc/arm-none-eabi/10.3.1/../../../../arm-none-eabi/lib/thumb/v7e-m/nofp\libg.a(lib_a-errno.o)
                0x0001a41c                __errno
 .text._fclose_r
                0x0001a428       0xcc c:/gcc-arm-none-eabi-10.3-2021.10/bin/../lib/gcc/arm-none-eabi/10.3.1/../../../../arm-none-eabi/lib/thumb/v7e-m/nofp\libg.a(lib_a-fclose.o)
                0x0001a428                _fclose_r
 .text.fiprintf
                0x0001a4f4       0x28 c:/gcc-arm-none-eabi-10.3-2021.10/bin/../lib/gcc/arm-none-eabi/10.3.1/../../../../arm-none-eabi/lib/thumb/v7e-m/nofp\libg.a(lib_a-fiprintf.o)
                0x0001a4f4                fiprintf
 .text._fstat_r
                0x0001a51c       0x2c c:/gcc-arm-none-eabi-10.3-2021.10/bin/../lib/gcc/arm-none-eabi/10.3.1/../../../../arm-none-eabi/lib/thumb/v7e-m/nofp\libg.a(lib_a-fstatr.o)
                0x0001a51c                _fstat_r
 .text._isatty_r
                0x0001a548       0x24 c:/gcc-arm-none-eabi-10.3-2021.10/bin/../lib/gcc/arm-none-eabi/10.3.1/../../../../arm-none-eabi/lib/thumb/v7e-m/nofp\libg.a(lib_a-isattyr.o)
                0x0001a548                _isatty_r
 .text.__locale_mb_cur_max
                0x0001a56c        0xc c:/gcc-arm-none-eabi-10.3-2021.10/bin/../lib/gcc/arm-none-eabi/10.3.1/../../../../arm-none-eabi/lib/thumb/v7e-m/nofp\libg.a(lib_a-locale.o)
                0x0001a56c                __locale_mb_cur_max
 .text._lseek_r
                0x0001a578       0x2c c:/gcc-arm-none-eabi-10.3-2021.10/bin/../lib/gcc/arm-none-eabi/10.3.1/../../../../arm-none-eabi/lib/thumb/v7e-m/nofp\libg.a(lib_a-lseekr.o)
                0x0001a578                _lseek_r
 .text.__ascii_mbtowc
                0x0001a5a4       0x2c c:/gcc-arm-none-eabi-10.3-2021.10/bin/../lib/gcc/arm-none-eabi/10.3.1/../../../../arm-none-eabi/lib/thumb/v7e-m/nofp\libg.a(lib_a-mbtowc_r.o)
                0x0001a5a4                __ascii_mbtowc
 .text._read_r  0x0001a5d0       0x2c c:/gcc-arm-none-eabi-10.3-2021.10/bin/../lib/gcc/arm-none-eabi/10.3.1/../../../../arm-none-eabi/lib/thumb/v7e-m/nofp\libg.a(lib_a-readr.o)
                0x0001a5d0                _read_r
 .text.__sprint_r.part.0
                0x0001a5fc       0x78 c:/gcc-arm-none-eabi-10.3-2021.10/bin/../lib/gcc/arm-none-eabi/10.3.1/../../../../arm-none-eabi/lib/thumb/v7e-m/nofp\libg.a(lib_a-vfiprintf.o)
 .text._vfiprintf_r
                0x0001a674      0xda0 c:/gcc-arm-none-eabi-10.3-2021.10/bin/../lib/gcc/arm-none-eabi/10.3.1/../../../../arm-none-eabi/lib/thumb/v7e-m/nofp\libg.a(lib_a-vfiprintf.o)
                0x0001a674                _vfiprintf_r
 .text.__sbprintf
                0x0001b414       0x80 c:/gcc-arm-none-eabi-10.3-2021.10/bin/../lib/gcc/arm-none-eabi/10.3.1/../../../../arm-none-eabi/lib/thumb/v7e-m/nofp\libg.a(lib_a-vfiprintf.o)
 .text.__ascii_wctomb
                0x0001b494       0x1c c:/gcc-arm-none-eabi-10.3-2021.10/bin/../lib/gcc/arm-none-eabi/10.3.1/../../../../arm-none-eabi/lib/thumb/v7e-m/nofp\libg.a(lib_a-wctomb_r.o)
                0x0001b494                __ascii_wctomb
 .text.__fputwc
                0x0001b4b0       0xa8 c:/gcc-arm-none-eabi-10.3-2021.10/bin/../lib/gcc/arm-none-eabi/10.3.1/../../../../arm-none-eabi/lib/thumb/v7e-m/nofp\libg.a(lib_a-fputwc.o)
                0x0001b4b0                __fputwc
 .text._fputwc_r
                0x0001b558       0x68 c:/gcc-arm-none-eabi-10.3-2021.10/bin/../lib/gcc/arm-none-eabi/10.3.1/../../../../arm-none-eabi/lib/thumb/v7e-m/nofp\libg.a(lib_a-fputwc.o)
                0x0001b558                _fputwc_r
 .text._wcrtomb_r
                0x0001b5c0       0x3c c:/gcc-arm-none-eabi-10.3-2021.10/bin/../lib/gcc/arm-none-eabi/10.3.1/../../../../arm-none-eabi/lib/thumb/v7e-m/nofp\libg.a(lib_a-wcrtomb.o)
                0x0001b5c0                _wcrtomb_r
 .text          0x0001b5fc       0x2c c:/gcc-arm-none-eabi-10.3-2021.10/bin/../lib/gcc/arm-none-eabi/10.3.1/thumb/v7e-m/nofp\libgcc.a(_arm_unorddf2.o)
                0x0001b5fc                __unorddf2
                0x0001b5fc                __aeabi_dcmpun
 .text          0x0001b628       0x30 c:/gcc-arm-none-eabi-10.3-2021.10/bin/../lib/gcc/arm-none-eabi/10.3.1/thumb/v7e-m/nofp\libgcc.a(_aeabi_uldivmod.o)
                0x0001b628                __aeabi_uldivmod
 .text          0x0001b658      0x2d0 c:/gcc-arm-none-eabi-10.3-2021.10/bin/../lib/gcc/arm-none-eabi/10.3.1/thumb/v7e-m/nofp\libgcc.a(_udivmoddi4.o)
                0x0001b658                __udivmoddi4
 .text          0x0001b928        0x4 c:/gcc-arm-none-eabi-10.3-2021.10/bin/../lib/gcc/arm-none-eabi/10.3.1/thumb/v7e-m/nofp\libgcc.a(_dvmd_tls.o)
                0x0001b928                __aeabi_idiv0
                0x0001b928                __aeabi_ldiv0
 .text._close   0x0001b92c       0x10 c:/gcc-arm-none-eabi-10.3-2021.10/bin/../lib/gcc/arm-none-eabi/10.3.1/../../../../arm-none-eabi/lib/thumb/v7e-m/nofp\libnosys.a(close.o)
                0x0001b92c                _close
 .text._fstat   0x0001b93c       0x10 c:/gcc-arm-none-eabi-10.3-2021.10/bin/../lib/gcc/arm-none-eabi/10.3.1/../../../../arm-none-eabi/lib/thumb/v7e-m/nofp\libnosys.a(fstat.o)
                0x0001b93c                _fstat
 .text._getpid  0x0001b94c       0x10 c:/gcc-arm-none-eabi-10.3-2021.10/bin/../lib/gcc/arm-none-eabi/10.3.1/../../../../arm-none-eabi/lib/thumb/v7e-m/nofp\libnosys.a(getpid.o)
                0x0001b94c                _getpid
 .text._isatty  0x0001b95c       0x10 c:/gcc-arm-none-eabi-10.3-2021.10/bin/../lib/gcc/arm-none-eabi/10.3.1/../../../../arm-none-eabi/lib/thumb/v7e-m/nofp\libnosys.a(isatty.o)
                0x0001b95c                _isatty
 .text._kill    0x0001b96c       0x10 c:/gcc-arm-none-eabi-10.3-2021.10/bin/../lib/gcc/arm-none-eabi/10.3.1/../../../../arm-none-eabi/lib/thumb/v7e-m/nofp\libnosys.a(kill.o)
                0x0001b96c                _kill
 .text._lseek   0x0001b97c       0x10 c:/gcc-arm-none-eabi-10.3-2021.10/bin/../lib/gcc/arm-none-eabi/10.3.1/../../../../arm-none-eabi/lib/thumb/v7e-m/nofp\libnosys.a(lseek.o)
                0x0001b97c                _lseek
 .text._read    0x0001b98c       0x10 c:/gcc-arm-none-eabi-10.3-2021.10/bin/../lib/gcc/arm-none-eabi/10.3.1/../../../../arm-none-eabi/lib/thumb/v7e-m/nofp\libnosys.a(read.o)
                0x0001b98c                _read
 .text._sbrk    0x0001b99c       0x1c c:/gcc-arm-none-eabi-10.3-2021.10/bin/../lib/gcc/arm-none-eabi/10.3.1/../../../../arm-none-eabi/lib/thumb/v7e-m/nofp\libnosys.a(sbrk.o)
                0x0001b99c                _sbrk
 .text._write   0x0001b9b8       0x10 c:/gcc-arm-none-eabi-10.3-2021.10/bin/../lib/gcc/arm-none-eabi/10.3.1/../../../../arm-none-eabi/lib/thumb/v7e-m/nofp\libnosys.a(write.o)
                0x0001b9b8                _write
 .text._exit    0x0001b9c8        0x4 c:/gcc-arm-none-eabi-10.3-2021.10/bin/../lib/gcc/arm-none-eabi/10.3.1/../../../../arm-none-eabi/lib/thumb/v7e-m/nofp\libnosys.a(_exit.o)
                0x0001b9c8                _exit
 *(.rodata .rodata.* .constdata .constdata.*)
 .rodata        0x0001b9cc        0xa ../main.o
 *fill*         0x0001b9d6        0x2 
 .rodata.K60_SDHC0_init
                0x0001b9d8        0xc Drivers/SDHC.o
                0x0001b9d8                K60_SDHC0_init
 .rodata._ZL21ESDHC_COMMAND_XFERTYP
                0x0001b9e4      0x100 Drivers/SDHC.o
 .rodata._ZL9GPIOPorts
                0x0001bae4       0x20 Libraries/FEHIO.o
 .rodata._ZL10ADCNumbers
                0x0001bb04       0x21 Libraries/FEHIO.o
 *fill*         0x0001bb25        0x3 
 .rodata._ZL14GPIOPinNumbers
                0x0001bb28       0x80 Libraries/FEHIO.o
 .rodata._ZL16AnalogPinNumbers
                0x0001bba8       0x84 Libraries/FEHIO.o
 .rodata        0x0001bc2c       0x78 Libraries/FEHIO.o
 .rodata        0x0001bca4       0x32 Libraries/FEHLCD.o
 *fill*         0x0001bcd6        0x2 
 .rodata        0x0001bcd8      0x3f4 Libraries/FEHRCS.o
 .rodata._global_impure_ptr
                0x0001c0cc        0x4 c:/gcc-arm-none-eabi-10.3-2021.10/bin/../lib/gcc/arm-none-eabi/10.3.1/../../../../arm-none-eabi/lib/thumb/v7e-m/nofp\libg.a(lib_a-impure.o)
                0x0001c0cc                _global_impure_ptr
 .rodata._svfprintf_r.str1.4
                0x0001c0d0       0x42 c:/gcc-arm-none-eabi-10.3-2021.10/bin/../lib/gcc/arm-none-eabi/10.3.1/../../../../arm-none-eabi/lib/thumb/v7e-m/nofp\libg.a(lib_a-svfprintf.o)
 *fill*         0x0001c112        0x2 
 .rodata.blanks.1
                0x0001c114       0x10 c:/gcc-arm-none-eabi-10.3-2021.10/bin/../lib/gcc/arm-none-eabi/10.3.1/../../../../arm-none-eabi/lib/thumb/v7e-m/nofp\libg.a(lib_a-svfprintf.o)
 .rodata.zeroes.0
                0x0001c124       0x10 c:/gcc-arm-none-eabi-10.3-2021.10/bin/../lib/gcc/arm-none-eabi/10.3.1/../../../../arm-none-eabi/lib/thumb/v7e-m/nofp\libg.a(lib_a-svfprintf.o)
 .rodata._dtoa_r.str1.4
                0x0001c134       0xa2 c:/gcc-arm-none-eabi-10.3-2021.10/bin/../lib/gcc/arm-none-eabi/10.3.1/../../../../arm-none-eabi/lib/thumb/v7e-m/nofp\libg.a(lib_a-dtoa.o)
                                 0xa6 (size before relaxing)
 *fill*         0x0001c1d6        0x2 
 .rodata.__multadd.str1.4
                0x0001c1d8       0x7f c:/gcc-arm-none-eabi-10.3-2021.10/bin/../lib/gcc/arm-none-eabi/10.3.1/../../../../arm-none-eabi/lib/thumb/v7e-m/nofp\libg.a(lib_a-mprec.o)
                                 0x93 (size before relaxing)
 *fill*         0x0001c257        0x1 
 .rodata.__mprec_bigtens
                0x0001c258       0x28 c:/gcc-arm-none-eabi-10.3-2021.10/bin/../lib/gcc/arm-none-eabi/10.3.1/../../../../arm-none-eabi/lib/thumb/v7e-m/nofp\libg.a(lib_a-mprec.o)
                0x0001c258                __mprec_bigtens
 .rodata.__mprec_tens
                0x0001c280       0xc8 c:/gcc-arm-none-eabi-10.3-2021.10/bin/../lib/gcc/arm-none-eabi/10.3.1/../../../../arm-none-eabi/lib/thumb/v7e-m/nofp\libg.a(lib_a-mprec.o)
                0x0001c280                __mprec_tens
 .rodata.p05.0  0x0001c348        0xc c:/gcc-arm-none-eabi-10.3-2021.10/bin/../lib/gcc/arm-none-eabi/10.3.1/../../../../arm-none-eabi/lib/thumb/v7e-m/nofp\libg.a(lib_a-mprec.o)
 .rodata.__assert_func.str1.4
                0x0001c354       0x3f c:/gcc-arm-none-eabi-10.3-2021.10/bin/../lib/gcc/arm-none-eabi/10.3.1/../../../../arm-none-eabi/lib/thumb/v7e-m/nofp\libg.a(lib_a-assert.o)
                                 0x43 (size before relaxing)
 *fill*         0x0001c393        0x1 
 .rodata._ctype_
                0x0001c394      0x101 c:/gcc-arm-none-eabi-10.3-2021.10/bin/../lib/gcc/arm-none-eabi/10.3.1/../../../../arm-none-eabi/lib/thumb/v7e-m/nofp\libg.a(lib_a-ctype_.o)
                0x0001c394                _ctype_
 *fill*         0x0001c495        0x3 
 .rodata._setlocale_r.str1.4
                0x0001c498        0xa c:/gcc-arm-none-eabi-10.3-2021.10/bin/../lib/gcc/arm-none-eabi/10.3.1/../../../../arm-none-eabi/lib/thumb/v7e-m/nofp\libg.a(lib_a-locale.o)
                                  0xd (size before relaxing)
 *fill*         0x0001c4a2        0x2 
 .rodata.str1.4
                0x0001c4a4        0x2 c:/gcc-arm-none-eabi-10.3-2021.10/bin/../lib/gcc/arm-none-eabi/10.3.1/../../../../arm-none-eabi/lib/thumb/v7e-m/nofp\libg.a(lib_a-locale.o)
 .rodata._vfiprintf_r.str1.4
                0x0001c4a6       0x2f c:/gcc-arm-none-eabi-10.3-2021.10/bin/../lib/gcc/arm-none-eabi/10.3.1/../../../../arm-none-eabi/lib/thumb/v7e-m/nofp\libg.a(lib_a-vfiprintf.o)
 *fill*         0x0001c4a6        0x2 
 .rodata.blanks.1
                0x0001c4a8       0x10 c:/gcc-arm-none-eabi-10.3-2021.10/bin/../lib/gcc/arm-none-eabi/10.3.1/../../../../arm-none-eabi/lib/thumb/v7e-m/nofp\libg.a(lib_a-vfiprintf.o)
 .rodata.zeroes.0
                0x0001c4b8       0x10 c:/gcc-arm-none-eabi-10.3-2021.10/bin/../lib/gcc/arm-none-eabi/10.3.1/../../../../arm-none-eabi/lib/thumb/v7e-m/nofp\libg.a(lib_a-vfiprintf.o)
                0x0001c4c8                . = ALIGN (0x4)
                0x0001c4c8                . = ALIGN (0x4)
 *(.init)
 .init          0x0001c4c8        0x4 c:/gcc-arm-none-eabi-10.3-2021.10/bin/../lib/gcc/arm-none-eabi/10.3.1/thumb/v7e-m/nofp/crti.o
                0x0001c4c8                _init
 .init          0x0001c4cc        0x8 c:/gcc-arm-none-eabi-10.3-2021.10/bin/../lib/gcc/arm-none-eabi/10.3.1/thumb/v7e-m/nofp/crtn.o
                0x0001c4d4                . = ALIGN (0x4)
                0x0001c4d4                __preinit_array_start = .
 *(.preinit_array)
                0x0001c4d4                __preinit_array_end = .
                0x0001c4d4                . = ALIGN (0x4)
                0x0001c4d4                __init_array_start = .
 *(SORT_BY_NAME(.init_array.*))
 .init_array.00000
                0x0001c4d4        0x4 c:/gcc-arm-none-eabi-10.3-2021.10/bin/../lib/gcc/arm-none-eabi/10.3.1/../../../../arm-none-eabi/lib/thumb/v7e-m/nofp\libg.a(lib_a-__call_atexit.o)
 *(.init_array)
 .init_array    0x0001c4d8        0x4 c:/gcc-arm-none-eabi-10.3-2021.10/bin/../lib/gcc/arm-none-eabi/10.3.1/thumb/v7e-m/nofp/crtbegin.o
 .init_array    0x0001c4dc        0x4 ../main.o
 .init_array    0x0001c4e0        0x4 FEHProteus.o
 .init_array    0x0001c4e4        0x4 Libraries/FEHBuzzer.o
 .init_array    0x0001c4e8        0x4 Libraries/FEHLCD.o
 .init_array    0x0001c4ec        0x4 Libraries/FEHAccel.o
 .init_array    0x0001c4f0        0x4 Libraries/FEHBattery.o
 .init_array    0x0001c4f4        0x4 Libraries/FEHRCS.o
 .init_array    0x0001c4f8        0x4 Libraries/FEHSD.o
 .init_array    0x0001c4fc        0x4 c:/gcc-arm-none-eabi-10.3-2021.10/bin/../lib/gcc/arm-none-eabi/10.3.1/../../../../arm-none-eabi/lib/thumb/v7e-m/nofp\libstdc++.a(eh_alloc.o)
                0x0001c500                __init_array_end = .
 *(.fini)
 .fini          0x0001c500        0x4 c:/gcc-arm-none-eabi-10.3-2021.10/bin/../lib/gcc/arm-none-eabi/10.3.1/thumb/v7e-m/nofp/crti.o
                0x0001c500                _fini
 .fini          0x0001c504        0x8 c:/gcc-arm-none-eabi-10.3-2021.10/bin/../lib/gcc/arm-none-eabi/10.3.1/thumb/v7e-m/nofp/crtn.o
                0x0001c50c                . = ALIGN (0x4)
 *crtbegin.o(.ctors)
 *(EXCLUDE_FILE(*crtend.o) .ctors)
 *(SORT_BY_NAME(.ctors.*))
 *crtend.o(.ctors)
                0x0001c50c                . = ALIGN (0x4)
 *crtbegin.o(.dtors)
 *(EXCLUDE_FILE(*crtend.o) .dtors)
 *(SORT_BY_NAME(.dtors.*))
 *crtend.o(.dtors)
                0x0001c50c                . = ALIGN (0x4)

.ARM.extab
 *(.ARM.extab* .gnu.linkonce.armextab.*)
                0x0001c50c                __exidx_start = .

.ARM.exidx      0x0001c50c        0x8
 *(.ARM.exidx* .gnu.linkonce.armexidx.*)
 .ARM.exidx.text.startup._GLOBAL__sub_I__ZN9__gnu_cxx9__freeresEv
                0x0001c50c        0x8 c:/gcc-arm-none-eabi-10.3-2021.10/bin/../lib/gcc/arm-none-eabi/10.3.1/../../../../arm-none-eabi/lib/thumb/v7e-m/nofp\libstdc++.a(eh_alloc.o)
 .ARM.exidx     0x0001c514        0x0 c:/gcc-arm-none-eabi-10.3-2021.10/bin/../lib/gcc/arm-none-eabi/10.3.1/thumb/v7e-m/nofp\libgcc.a(_udivmoddi4.o)
                                  0x8 (size before relaxing)
                0x0001c514                __exidx_end = .
                0x0001c514                _etext = .

.rel.dyn        0x0001c514        0x0